[2026-04-04T11:51:28.602Z] Starting event import from scrape-events-output.json
[2026-04-04T11:51:28.631Z] Loaded 2454 campgrounds with event data
[2026-04-04T11:51:29.792Z] Using existing system user: cmlq1oay20000vu0dzojou39b
[2026-04-04T11:51:30.407Z]   ✓ 370 Lakeside Park: inserted 1 events
[2026-04-04T11:51:30.930Z]   ✓ 4K River Ranch: inserted 3 events
[2026-04-04T11:51:31.631Z]   ✓ Acorn Acres Campground: inserted 1 events
[2026-04-04T11:51:32.670Z]   ✓ Acorn Oaks RV Park: inserted 8 events
[2026-04-04T11:51:33.971Z]   ✓ Aholul Group Campground: inserted 1 events
[2026-04-04T11:51:34.263Z]   ✓ Ahukini Recreational Pier State Park: inserted 1 events
[2026-04-04T11:51:34.585Z]   ✓ Ahupuaʻa ʻO Kahana State Park: inserted 1 events
[2026-04-04T11:51:37.335Z]   ✓ 'Āina Koa Park: inserted 24 events
[2026-04-04T11:51:37.857Z]   ✓ Alamosa / Great Sand Dunes KOA Journey: inserted 1 events
[2026-04-04T11:51:38.770Z]   ✓ Alice Eastwood Group Campsite: inserted 1 events
[2026-04-04T11:51:39.346Z]   ✓ Allegany State Park: inserted 3 events
[2026-04-04T11:51:39.658Z]   ✓ Allegheny National Forest: inserted 1 events
[2026-04-04T11:51:39.958Z]   ✓ Allegheny Wild and Scenic River: inserted 1 events
[2026-04-04T11:51:41.296Z]   ✓ A Loop Campground: inserted 7 events
[2026-04-04T11:51:41.905Z]   ✓ Alpine RV Park & Campground: inserted 2 events
[2026-04-04T11:51:46.621Z]   ✓ Alto Lake and Recreation Area: inserted 41 events
[2026-04-04T11:51:47.099Z]   ✓ Amarillo RV Resort: inserted 2 events
[2026-04-04T11:51:48.036Z]   ✓ American Wilderness Campground & Event Center: inserted 1 events
[2026-04-04T11:51:49.690Z]   ✓ AMPHITHEATER (CO): inserted 9 events
[2026-04-04T11:51:51.293Z]   ✓ Annie and Abel Van Meter State Park: inserted 10 events
[2026-04-04T11:51:52.405Z]   ✓ Arapaho Campground: inserted 3 events
[2026-04-04T11:51:52.938Z]   ✓ Arch Rock Campground: inserted 1 events
[2026-04-04T11:51:55.985Z]   ✓ Arizona State Parks and Trails: inserted 24 events
[2026-04-04T11:51:57.320Z]   ✓ Arrowhead Park: inserted 3 events
[2026-04-04T11:51:58.696Z]   ✓ Askew's Landing RV Campground: inserted 5 events
[2026-04-04T11:52:00.916Z]   ✓ Audra State Park: inserted 3 events
[2026-04-04T11:52:01.645Z]   ✓ Audra State Park Campground: inserted 3 events
[2026-04-04T11:52:01.943Z]   ✓ Au Sable Loop Campground: inserted 1 events
[2026-04-04T11:52:02.974Z]   ✓ Ava/Cassville/Willow Springs Ranger District: inserted 2 events
[2026-04-04T11:52:03.732Z]   ✓ Babcock State Park: inserted 3 events
[2026-04-04T11:52:04.279Z]   ✓ Babcock State Park Campground: inserted 3 events
[2026-04-04T11:52:06.981Z]   ✓ Balch Park: inserted 2 events
[2026-04-04T11:52:07.893Z]   ✓ BALSAM LAKE LODGE : inserted 5 events
[2026-04-04T11:52:09.652Z]   ✓ Baraboo RV Resort: inserted 9 events
[2026-04-04T11:52:10.462Z]   ✓ Bar-K Wrangler Campsite: inserted 2 events
[2026-04-04T11:52:10.778Z]   ✓ Barnes County Park: inserted 1 events
[2026-04-04T11:52:11.094Z]   ✓ Barnes Park Campground: inserted 1 events
[2026-04-04T11:52:20.988Z]   ✓ Barton Park: inserted 86 events
[2026-04-04T11:52:21.834Z]   ✓ Bastendorff Beach Park: inserted 2 events
[2026-04-04T11:52:26.286Z]   ✓ Bayou Segnette State Park: inserted 36 events
[2026-04-04T11:52:26.596Z]   ✓ Bayport RV Park and Campground: inserted 1 events
[2026-04-04T11:52:26.906Z]   ✓ Bay Ridge RV Park: inserted 1 events
[2026-04-04T11:52:27.512Z]   ✓ Bay Shore Campground: inserted 4 events
[2026-04-04T11:52:28.030Z]   ✓ BEACH RIVER CABIN: inserted 1 events
[2026-04-04T11:52:28.349Z]   ✓ Beach Rose RV Park: inserted 1 events
[2026-04-04T11:52:28.654Z]   ✓ Beacon Rock State Park: inserted 1 events
[2026-04-04T11:52:30.111Z]   ✓ Bear Creek Lake  City Park: inserted 8 events
[2026-04-04T11:52:30.935Z]   ✓ Bear Creek Lake Recreation Area: inserted 5 events
[2026-04-04T11:52:32.006Z]   ✓ Bear Creek Lake State Park: inserted 8 events
[2026-04-04T11:52:32.441Z]   ✓ Beardsley Dam Campground: inserted 2 events
[2026-04-04T11:52:32.939Z]   ✓ Bear Heaven Campground: inserted 3 events
[2026-04-04T11:52:33.664Z]   ✓ Bear Lake Park Campground: inserted 1 events
[2026-04-04T11:52:34.588Z]   ✓ Beartown State Park: inserted 3 events
[2026-04-04T11:52:34.892Z]   ✓ Beaver Creek: inserted 1 events
[2026-04-04T11:52:35.406Z]   ✓ Beaver Creek Campground: inserted 3 events
[2026-04-04T11:52:37.562Z]   ✓ Beech Fork Campgrounds: inserted 3 events
[2026-04-04T11:52:38.071Z]   ✓ BEECH FORK SHELTERS: inserted 3 events
[2026-04-04T11:52:38.600Z]   ✓ Beech Fork State Park: inserted 3 events
[2026-04-04T11:52:39.142Z]   ✓ Beech Fork State Park (Lower Bowen): inserted 3 events
[2026-04-04T11:52:40.526Z]   ✓ Belle Isle State Park: inserted 7 events
[2026-04-04T11:52:41.138Z]   ✓ Bell Mountain Wilderness: inserted 2 events
[2026-04-04T11:52:43.859Z]   ✓ Bellows Field Beach Park Campsite: inserted 24 events
[2026-04-04T11:52:44.164Z]   ✓ Bell Smith Springs Scenic Area: inserted 1 events
[2026-04-04T11:52:44.460Z]   ✓ Bend RV Resort: inserted 1 events
[2026-04-04T11:52:44.971Z]   ✓ Benicia State Recreation Area: inserted 1 events
[2026-04-04T11:52:46.167Z]   ✓ Benner's Meadow Run RV Campground: inserted 9 events
[2026-04-04T11:52:47.511Z]   ✓ Bennett Spring State Park: inserted 10 events
[2026-04-04T11:52:48.745Z]   ✓ Bennett Spring State Park Campground: inserted 10 events
[2026-04-04T11:52:54.143Z]   ✓ Berkshire Campground: inserted 49 events
[2026-04-04T11:52:54.794Z]   ✓ Berryman Campground: inserted 2 events
[2026-04-04T11:52:55.412Z]   ✓ Bessemer Ranger District: inserted 2 events
[2026-04-04T11:52:55.917Z]   ✓ Bethpage Camp-Resort: inserted 1 events
[2026-04-04T11:52:56.419Z]   ✓ Bidwell Canyon Campground: inserted 1 events
[2026-04-04T11:52:56.731Z]   ✓ Big Basin Redwoods State Park: inserted 1 events
[2026-04-04T11:52:57.227Z]   ✓ Big Bear Lake Recreation Area: inserted 1 events
[2026-04-04T11:52:57.739Z]   ✓ Big Bend Campground: inserted 3 events
[2026-04-04T11:52:58.033Z]   ✓ Big Bend of the Colorado State Recreation Area: inserted 1 events
[2026-04-04T11:52:58.813Z]   ✓ BIG BEND (WV): inserted 3 events
[2026-04-04T11:52:59.257Z]   ✓ Big Buck Camp: inserted 2 events
[2026-04-04T11:53:01.139Z]   ✓ Bighorn Campground: inserted 2 events
[2026-04-04T11:53:01.950Z]   ✓ Big Meadow (Stanislaus National Forest): inserted 2 events
[2026-04-04T11:53:02.459Z]   ✓ Big Moose Inn, Cabins, & Campground: inserted 1 events
[2026-04-04T11:53:05.094Z]   ✓ Birch Lake Campground: inserted 6 events
[2026-04-04T11:53:06.072Z]   ✓ BIRCH LAKE CAMPGROUND: inserted 6 events
[2026-04-04T11:53:11.401Z]   ✓ Black Dog Acres RV Park: inserted 44 events
[2026-04-04T11:53:12.493Z]   ✓ BLACK MOUNTAIN CAMPGROUND: inserted 1 events
[2026-04-04T11:53:12.788Z]   ✓ Black Mountain / South Toe River Area: inserted 1 events
[2026-04-04T11:53:13.809Z]   ✓ Black Springs OHV Campground: inserted 2 events
[2026-04-04T11:53:14.322Z]   ✓ Blackwater Falls Campground: inserted 3 events
[2026-04-04T11:53:14.837Z]   ✓ Blackwater Falls State Park: inserted 3 events
[2026-04-04T11:53:16.154Z]   ✓ Blaine Park: inserted 4 events
[2026-04-04T11:53:17.587Z]   ✓ Blakeley Historic State Park: inserted 11 events
[2026-04-04T11:53:18.107Z]   ✓ Blauvelt State Park: inserted 3 events
[2026-04-04T11:53:19.667Z]   ✓ Blue Jay Campground: inserted 3 events
[2026-04-04T11:53:20.659Z]   ✓ Blue Mound State Park: inserted 2 events
[2026-04-04T11:53:22.408Z]   ✓ BLUESTONE LAKE PICNIC SHELTER: inserted 3 events
[2026-04-04T11:53:22.920Z]   ✓ Bluestone State Park: inserted 3 events
[2026-04-04T11:53:23.537Z]   ✓ Bobcat Lake Campground: inserted 2 events
[2026-04-04T11:53:27.417Z]   ✓ Bogue Chitto State Park: inserted 36 events
[2026-04-04T11:53:27.931Z]   ✓ Boice-Cope Park: inserted 3 events
[2026-04-04T11:53:28.442Z]   ✓ Bonelli Bluffs RV Resort & Campground: inserted 1 events
[2026-04-04T11:53:29.470Z]   ✓ Borrego Palm Canyon Campground: inserted 1 events
[2026-04-04T11:53:30.188Z]   ✓ Boston Harbor Islands National & State Park: inserted 5 events
[2026-04-04T11:53:32.640Z]   ✓ Branch Brook Campground: inserted 1 events
[2026-04-04T11:53:33.156Z]   ✓ Brannan Island State Recreation Area: inserted 1 events
[2026-04-04T11:53:33.877Z]   ✓ Breckenridge Area: inserted 5 events
[2026-04-04T11:53:35.202Z]   ✓ BRIAR BOTTOM GROUP CAMPGROUND: inserted 1 events
[2026-04-04T11:53:35.709Z]   ✓ Bright Angel Campground: inserted 1 events
[2026-04-04T11:53:36.226Z]   ✓ Broadmoor Cloud Camp: inserted 3 events
[2026-04-04T11:53:37.267Z]   ✓ Brown County Reforestation Camp Campground: inserted 4 events
[2026-04-04T11:53:37.576Z]   ✓ Brown County WI Reforestation Camp: inserted 1 events
[2026-04-04T11:53:39.450Z]   ✓ Bryce Canyon RV Resort: inserted 4 events
[2026-04-04T11:53:41.280Z]   ✓ Buckhorn State Park: inserted 12 events
[2026-04-04T11:53:42.176Z]   ✓ Bucktail Camp, Kisatche National Forest: inserted 5 events
[2026-04-04T11:53:42.485Z]   ✓ Buffalo Bluff RV Park: inserted 1 events
[2026-04-04T11:53:43.835Z]   ✓ Bull Shoals State Park: inserted 5 events
[2026-04-04T11:53:44.566Z]   ✓ Bull Shoals - White River State Park: inserted 5 events
[2026-04-04T11:53:46.364Z]   ✓ Burke Lake Campgrounds: inserted 11 events
[2026-04-04T11:53:46.679Z]   ✓ Burlingame State Campgrounds: inserted 1 events
[2026-04-04T11:53:47.097Z]   ✓ Burning Heart Campground: inserted 2 events
[2026-04-04T11:53:48.104Z]   ✓ Butano State Park: inserted 1 events
[2026-04-04T11:53:48.615Z]   ✓ Butterfield Campground: inserted 3 events
[2026-04-04T11:53:49.576Z]   ✓ Buttermilk Falls State Park: inserted 3 events
[2026-04-04T11:53:50.650Z]   ✓ Caboose Lake Campground: inserted 3 events
[2026-04-04T11:53:51.166Z]   ✓ Cacapon State Park: inserted 3 events
[2026-04-04T11:53:51.472Z]   ✓ CADIZ: inserted 1 events
[2026-04-04T11:53:51.785Z]   ✓ Calaveras Big Trees State Park: inserted 1 events
[2026-04-04T11:53:52.901Z]   ✓ Caledon State Park: inserted 7 events
[2026-04-04T11:53:53.877Z]   ✓ Cal Expo RV Park: inserted 4 events
[2026-04-04T11:53:54.366Z]   ✓ California Parks & Recreation: inserted 1 events
[2026-04-04T11:53:55.894Z]   ✓ Camp Cadiz Campground: inserted 1 events
[2026-04-04T11:53:56.815Z]   ✓ Camp Creek State Park: inserted 3 events
[2026-04-04T11:53:57.735Z]   ✓ Campground Adventures: inserted 1 events
[2026-04-04T11:53:58.203Z]   ✓ Campground Group | Calaveras Big Trees: inserted 1 events
[2026-04-04T11:53:58.708Z]   ✓ Campground Owners of New York: inserted 3 events
[2026-04-04T11:53:59.358Z]   ✓ Camp Helen State Park: inserted 2 events
[2026-04-04T11:54:00.188Z]   ✓ Camping World Racing Resort: inserted 2 events
[2026-04-04T11:54:01.110Z]   ✓ Camp Landa RV Resort: inserted 7 events
[2026-04-04T11:54:02.132Z]   ✓ Camp Margaritaville Breaux Bridge: inserted 1 events
[2026-04-04T11:54:03.172Z]   ✓ Camp Milton: inserted 2 events
[2026-04-04T11:54:03.897Z]   ✓ Camp on the Kentucky: inserted 5 events
[2026-04-04T11:54:05.423Z]   ✓ Camp Riverslanding: inserted 11 events
[2026-04-04T11:54:06.388Z]   ✓ Campsite: inserted 7 events
[2026-04-04T11:54:08.340Z]   ✓ Cane Creek State Park: inserted 5 events
[2026-04-04T11:54:09.031Z]   ✓ CANYON RIM: inserted 1 events
[2026-04-04T11:54:09.581Z]   ✓ Cape Disappointment State Park: inserted 1 events
[2026-04-04T11:54:11.065Z]   ✓ Caribou Campground: inserted 1 events
[2026-04-04T11:54:11.373Z]   ✓ Carlsbad State Beach: inserted 1 events
[2026-04-04T11:54:11.670Z]   ✓ CAROLINA HEMLOCKS REC AREA: inserted 1 events
[2026-04-04T11:54:12.185Z]   ✓ Carpinteria State Beach: inserted 1 events
[2026-04-04T11:54:12.482Z]   ✓ Carpios Ridge: inserted 1 events
[2026-04-04T11:54:13.705Z]   ✓ Casper Mountain County Park: inserted 2 events
[2026-04-04T11:54:14.217Z]   ✓ Castle Crags Little Loop Campground: inserted 1 events
[2026-04-04T11:54:14.531Z]   ✓ Castle Crags State Park: inserted 1 events
[2026-04-04T11:54:14.834Z]   ✓ Caswell Memorial State Park: inserted 1 events
[2026-04-04T11:54:17.226Z]   ✓ Catalina State Park: inserted 20 events
[2026-04-04T11:54:17.718Z]   ✓ Cathedral Gorge Campground: inserted 3 events
[2026-04-04T11:54:18.215Z]   ✓ Cathedral State Park: inserted 3 events
[2026-04-04T11:54:20.628Z]   ✓ Cattail Cove State Park: inserted 20 events
[2026-04-04T11:54:21.148Z]   ✓ Cayuga Lake State Park: inserted 3 events
[2026-04-04T11:54:21.447Z]   ✓ CAZIER CABIN: inserted 1 events
[2026-04-04T11:54:21.967Z]   ✓ Cedar Bluff State Park- Bluffton Area: inserted 3 events
[2026-04-04T11:54:22.466Z]   ✓ Cedar Bluff State Park- Page Creek Area: inserted 3 events
[2026-04-04T11:54:23.400Z]   ✓ Cedar City RV Resort: inserted 7 events
[2026-04-04T11:54:23.908Z]   ✓ Cedar Creek State Park: inserted 3 events
[2026-04-04T11:54:25.011Z]   ✓ Cedar Point State Park: inserted 3 events
[2026-04-04T11:54:25.910Z]   ✓ Central Park: inserted 1 events
[2026-04-04T11:54:27.232Z]   ✓ Chatfield Park Campground: inserted 3 events
[2026-04-04T11:54:27.633Z]   ✓ Chatfield State Park: inserted 2 events
[2026-04-04T11:54:28.040Z]   ✓ Chatfield State Park: inserted 2 events
[2026-04-04T11:54:28.449Z]   ✓ Chatfield State Park Campground: inserted 2 events
[2026-04-04T11:54:28.753Z]   ✓ Cheaha State Park: inserted 1 events
[2026-04-04T11:54:33.162Z]   ✓ Chemin-A-Haut State Park: inserted 36 events
[2026-04-04T11:54:33.684Z]   ✓ Chenango Valley State Park: inserted 3 events
[2026-04-04T11:54:34.083Z]   ✓ Cheney State Park: inserted 2 events
[2026-04-04T11:54:35.034Z]   ✓ Cherokee Lakes RV Park: inserted 5 events
[2026-04-04T11:54:35.955Z]   ✓ Cherry Plain State Park: inserted 3 events
[2026-04-04T11:54:36.766Z]   ✓ Cheyenne Mountain State Park: inserted 2 events
[2026-04-04T11:54:37.373Z]   ✓ Cheyenne RV Resort: inserted 4 events
[2026-04-04T11:54:41.935Z]   ✓ Chicot State Park: inserted 38 events
[2026-04-04T11:54:42.443Z]   ✓ Chief Logan State Park: inserted 3 events
[2026-04-04T11:54:46.984Z]   ✓ China Town Flume Trail: inserted 40 events
[2026-04-04T11:54:47.361Z]   ✓ Chino Hills State Park: inserted 1 events
[2026-04-04T11:54:48.301Z]   ✓ Chippokes State Park: inserted 7 events
[2026-04-04T11:54:49.254Z]   ✓ Chippokes State Park Campground: inserted 7 events
[2026-04-04T11:54:49.864Z]   ✓ Cimarron Recreation Area: inserted 2 events
[2026-04-04T11:54:52.529Z]   ✓ Circle RV Resort: inserted 22 events
[2026-04-04T11:54:56.390Z]   ✓ City of Chesapeake Northwest River CG: inserted 35 events
[2026-04-04T11:54:57.032Z]   ✓ Clark Fork Campground: inserted 2 events
[2026-04-04T11:54:57.443Z]   ✓ Clark Fork Campground: inserted 2 events
[2026-04-04T11:54:58.553Z]   ✓ Clarksville RV Resort: inserted 9 events
[2026-04-04T11:54:59.794Z]   ✓ Claytor Lake State Park: inserted 7 events
[2026-04-04T11:55:00.733Z]   ✓ Claytor Lake State Park Campground1: inserted 7 events
[2026-04-04T11:55:01.585Z]   ✓ Clear Lake Campground: inserted 6 events
[2026-04-04T11:55:02.521Z]   ✓ Clear Lake Campsite: inserted 6 events
[2026-04-04T11:55:02.820Z]   ✓ Clear Lake Military Resort: inserted 1 events
[2026-04-04T11:55:03.135Z]   ✓ Clear Lake State Park: inserted 1 events
[2026-04-04T11:55:03.843Z]   ✓ Cliff Cave County Park: inserted 1 events
[2026-04-04T11:55:04.655Z]   ✓ Clinton State Park: inserted 2 events
[2026-04-04T11:55:05.277Z]   ✓ Coconino National Forest: inserted 2 events
[2026-04-04T11:55:05.790Z]   ✓ Coconut Cove RV Resort: inserted 3 events
[2026-04-04T11:55:06.295Z]   ✓ Cokato Lake RV Resort: inserted 1 events
[2026-04-04T11:55:06.707Z]   ✓ Colaluca Family Campground ): inserted 2 events
[2026-04-04T11:55:07.018Z]   ✓ COLD CREEK: inserted 1 events
[2026-04-04T11:55:09.457Z]   ✓ COLD RIVER: inserted 22 events
[2026-04-04T11:55:11.878Z]   ✓ Cold River Campground: inserted 22 events
[2026-04-04T11:55:13.411Z]   ✓ Coles Creek State Park: inserted 3 events
[2026-04-04T11:55:14.019Z]   ✓ Collinwood Regional Park & Campground: inserted 2 events
[2026-04-04T11:55:14.329Z]   ✓ Colonel Allensworth State Historic Park: inserted 1 events
[2026-04-04T11:55:14.636Z]   ✓ Colonial Creek North Campground: inserted 1 events
[2026-04-04T11:55:15.355Z]   ✓ Columbia Hills State Park: inserted 1 events
[2026-04-04T11:55:16.273Z]   ✓ Condon Lakes West: inserted 1 events
[2026-04-04T11:55:16.579Z]   ✓ Conestoga Ranch: inserted 1 events
[2026-04-04T11:55:17.375Z]   ✓ Conesus Lake Campground: inserted 4 events
[2026-04-04T11:55:18.914Z]   ✓ Coopers Rock State Forest: inserted 3 events
[2026-04-04T11:55:19.355Z]   ✓ Copper Falls State Park: inserted 2 events
[2026-04-04T11:55:20.285Z]   ✓ Copperhead Island: inserted 7 events
[2026-04-04T11:55:20.795Z]   ✓ Corney Lake Campground: inserted 1 events
[2026-04-04T11:55:21.522Z]   ✓ Cossatot River State Park: inserted 5 events
[2026-04-04T11:55:23.342Z]   ✓ Couchville Cedar Glade State Natural Area: inserted 8 events
[2026-04-04T11:55:24.170Z]   ✓ Council Grounds State Park: inserted 2 events
[2026-04-04T11:55:25.078Z]   ✓ Country Acres Campground: inserted 5 events
[2026-04-04T11:55:25.791Z]   ✓ Country Roads Campground: inserted 1 events
[2026-04-04T11:55:27.239Z]   ✓ County Park: inserted 6 events
[2026-04-04T11:55:27.956Z]   ✓ Cove Cabin at Mt Hope Farm: inserted 5 events
[2026-04-04T11:55:28.769Z]   ✓ Cowboy Campground: inserted 2 events
[2026-04-04T11:55:29.747Z]   ✓ Cozy Rosy RV Resort & Glampground: inserted 1 events
[2026-04-04T11:55:30.557Z]   ✓ Crappie Cove Campground: inserted 2 events
[2026-04-04T11:55:31.492Z]   ✓ Crater of Diamonds State Park Campground: inserted 5 events
[2026-04-04T11:55:33.192Z]   ✓ CRESCENT: inserted 6 events
[2026-04-04T11:55:34.148Z]   ✓ CRESCENT LAKE (MN): inserted 6 events
[2026-04-04T11:55:34.972Z]   ✓ Criss Cove County Park: inserted 2 events
[2026-04-04T11:55:35.489Z]   ✓ Crooked Oaks RV Park: inserted 1 events
[2026-04-04T11:55:37.162Z]   ✓ Cross Ranch State Park: inserted 2 events
[2026-04-04T11:55:37.580Z]   ✓ CrossRoads Coach Resort at the ROB: inserted 2 events
[2026-04-04T11:55:38.015Z]   ✓ Cross Timbers State Park: inserted 2 events
[2026-04-04T11:55:38.432Z]   ✓ Cross Timbers State Park - Holiday Hill: inserted 2 events
[2026-04-04T11:55:38.839Z]   ✓ Cross Timbers State Park-Toronto Point: inserted 2 events
[2026-04-04T11:55:40.223Z]   ✓ Crowley's Ridge State Park: inserted 5 events
[2026-04-04T11:55:41.759Z]   ✓ Crystal Lake Campground: inserted 6 events
[2026-04-04T11:55:42.547Z]   ✓ Cumberland Bay State Park: inserted 3 events
[2026-04-04T11:55:43.284Z]   ✓ CURTIS CREEK: inserted 1 events
[2026-04-04T11:55:43.590Z]   ✓ Curtis Creek Campground: inserted 1 events
[2026-04-04T11:55:43.938Z]   ✓ CURTIS CREEK CAMPGROUND (NC): inserted 1 events
[2026-04-04T11:55:45.310Z]   ✓ Cutty's Resort: inserted 3 events
[2026-04-04T11:55:45.632Z]   ✓ Cuyamaca Rancho State Park: inserted 1 events
[2026-04-04T11:55:50.269Z]   ✓ Cypremort Point State Park: inserted 38 events
[2026-04-04T11:55:51.007Z]   ✓ Daisy State Park: inserted 5 events
[2026-04-04T11:55:51.748Z]   ✓ Daisy State Park: inserted 5 events
[2026-04-04T11:55:53.290Z]   ✓ DAMSITE: inserted 5 events
[2026-04-04T11:55:54.022Z]   ✓ DAM SITE(GREERS FERRY): inserted 5 events
[2026-04-04T11:55:54.774Z]   ✓ Dam Site Recreation Area: inserted 5 events
[2026-04-04T11:55:56.173Z]   ✓ Dardanelle Campground: inserted 2 events
[2026-04-04T11:55:56.902Z]   ✓ Dardanelle State Park: inserted 5 events
[2026-04-04T11:55:57.421Z]   ✓ Darien Lakes State Park: inserted 3 events
[2026-04-04T11:55:58.146Z]   ✓ Day Run Campground: inserted 3 events
[2026-04-04T11:55:58.774Z]   ✓ Dayton State Park: inserted 4 events
[2026-04-04T11:56:01.288Z]   ✓ Dead Horse Ranch State Park: inserted 21 events
[2026-04-04T11:56:01.745Z]   ✓ Deadman Campground: inserted 2 events
[2026-04-04T11:56:02.117Z]   ✓ Deep River County Park: inserted 1 events
[2026-04-04T11:56:03.804Z]   ✓ DEER RUN CAMPGROUND: inserted 6 events
[2026-04-04T11:56:04.604Z]   ✓ Deer Run Camping Resort: inserted 6 events
[2026-04-04T11:56:05.389Z]   ✓ Degray Lake Resort State Park: inserted 5 events
[2026-04-04T11:56:06.160Z]   ✓ DeGray Lake State Park Resort: inserted 5 events
[2026-04-04T11:56:07.487Z]   ✓ Del Norte Coast Redwoods State Park: inserted 1 events
[2026-04-04T11:56:08.003Z]   ✓ Delta Lake State Park: inserted 3 events
[2026-04-04T11:56:09.355Z]   ✓ Denali RV Park & Motel: inserted 11 events
[2026-04-04T11:56:10.443Z]   ✓ Desert View Campground: inserted 1 events
[2026-04-04T11:56:11.587Z]   ✓ Devil's Den State Park: inserted 5 events
[2026-04-04T11:56:12.311Z]   ✓ Devil's Den State Park Visitor Center: inserted 5 events
[2026-04-04T11:56:13.625Z]   ✓ Devil's Lake State Park: inserted 9 events
[2026-04-04T11:56:16.465Z]   ✓ Devil's Thumb Ranch Resort & Spa: inserted 25 events
[2026-04-04T11:56:17.867Z]   ✓ Diamond Lake Campground: inserted 6 events
[2026-04-04T11:56:18.623Z]   ✓ DIMOND O: inserted 2 events
[2026-04-04T11:56:19.811Z]   ✓ Divide Lake Campground & Backcountry Sites: inserted 6 events
[2026-04-04T11:56:20.947Z]   ✓ Dixie Forest RV Resort: inserted 7 events
[2026-04-04T11:56:21.871Z]   ✓ Doheny State Beach Campground: inserted 1 events
[2026-04-04T11:56:23.136Z]   ✓ Dolores River RV Resort and Cabins by Rjourney: inserted 8 events
[2026-04-04T11:56:24.890Z]   ✓ Douthat State Park: inserted 7 events
[2026-04-04T11:56:26.212Z]   ✓ Drummer Boy Camping Resort: inserted 9 events
[2026-04-04T11:56:26.638Z]   ✓ Dry Fork Recreation Area: inserted 2 events
[2026-04-04T11:56:27.544Z]   ✓ DUCK CREEK: inserted 7 events
[2026-04-04T11:56:29.254Z]   ✓ DunRoamin on Peters Pond: inserted 2 events
[2026-04-04T11:56:31.040Z]   ✓ Eagle Cliff Campground: inserted 1 events
[2026-04-04T11:56:31.864Z]   ✓ East Dunes Campground - Sand Lake Recreation Area: inserted 2 events
[2026-04-04T11:56:32.581Z]   ✓ East Shore State Park: inserted 1 events
[2026-04-04T11:56:33.057Z]   ✓ Echo Canyon State Park: inserted 2 events
[2026-04-04T11:56:35.533Z]   ✓ Eighteen Lake Rustic Campground: inserted 6 events
[2026-04-04T11:56:36.145Z]   ✓ Eisenhower State Park: inserted 2 events
[2026-04-04T11:56:36.460Z]   ✓ El Capitan Campground: inserted 1 events
[2026-04-04T11:56:36.776Z]   ✓ El Capitán State Beach Campground: inserted 1 events
[2026-04-04T11:56:37.201Z]   ✓ El Dorado Lake State Park: inserted 2 events
[2026-04-04T11:56:37.625Z]   ✓ El Dorado State Park Camp Ground Frontier 9: inserted 2 events
[2026-04-04T11:56:38.241Z]   ✓ Eleven Point/Doniphan Ranger District: inserted 2 events
[2026-04-04T11:56:38.660Z]   ✓ Eleven Point National Wild and Scenic River: inserted 2 events
[2026-04-04T11:56:40.979Z]   ✓ Elk City County Park: inserted 19 events
[2026-04-04T11:56:41.374Z]   ✓ Elk City State Park: inserted 2 events
[2026-04-04T11:56:42.163Z]   ✓ ELK CREEK CABINS: inserted 2 events
[2026-04-04T11:56:43.213Z]   ✓ Elkhart RV Resort by Rjourney: inserted 6 events
[2026-04-04T11:56:43.522Z]   ✓ ELKHORN CAMPGROUND: inserted 1 events
[2026-04-04T11:56:46.320Z]   ✓ Encore Fort Myers Beach: inserted 2 events
[2026-04-04T11:56:48.771Z]   ✓ Englebright Lake Boat-In Campground : inserted 1 events
[2026-04-04T11:56:50.818Z]   ✓ Escondido RV Resort: inserted 9 events
[2026-04-04T11:56:51.122Z]   ✓ Estero Bluffs State Park: inserted 1 events
[2026-04-04T11:56:51.748Z]   ✓ Eureka Valley Campground: inserted 2 events
[2026-04-04T11:56:52.805Z]   ✓ Evangola State Park: inserted 5 events
[2026-04-04T11:56:53.723Z]   ✓ Fahnestock State Park: inserted 3 events
[2026-04-04T11:56:54.249Z]   ✓ Fair Haven Beach State Park: inserted 3 events
[2026-04-04T11:56:58.669Z]   ✓ Fairview-Riverside State Park: inserted 36 events
[2026-04-04T11:56:59.989Z]   ✓ Fairy Stone State Park: inserted 10 events
[2026-04-04T11:57:04.421Z]   ✓ Falcon Nest Family Campground: inserted 36 events
[2026-04-04T11:57:05.404Z]   ✓ Fall Lake Campground: inserted 6 events
[2026-04-04T11:57:06.874Z]   ✓ False Cape State Park: inserted 10 events
[2026-04-04T11:57:07.911Z]   ✓ Fancy Creek State Park: inserted 2 events
[2026-04-04T11:57:09.027Z]   ✓ Farragut State Park: inserted 3 events
[2026-04-04T11:57:09.558Z]   ✓ FATHER DYER: inserted 3 events
[2026-04-04T11:57:10.213Z]   ✓ Fellowship Forest: inserted 2 events
[2026-04-04T11:57:10.626Z]   ✓ Fence Creek Campground: inserted 2 events
[2026-04-04T11:57:11.457Z]   ✓ FENSKE LAKE CAMPGROUND: inserted 6 events
[2026-04-04T11:57:22.110Z]   ✓ Feyrer Park: inserted 86 events
[2026-04-04T11:57:23.200Z]   ✓ Fillmore Glen State Park: inserted 3 events
[2026-04-04T11:57:24.069Z]   ✓ Firefly Lake Campground: inserted 6 events
[2026-04-04T11:57:25.580Z]   ✓ First Landing State Park: inserted 10 events
[2026-04-04T11:57:26.866Z]   ✓ First Landing State Park Campground: inserted 10 events
[2026-04-04T11:57:29.557Z]   ✓ Flamingo Lake: inserted 6 events
[2026-04-04T11:57:30.463Z]   ✓ FLATROCK (TEXAS): inserted 7 events
[2026-04-04T11:57:35.200Z]   ✓ Fontainebleau Cabins: inserted 36 events
[2026-04-04T11:57:39.081Z]   ✓ Fontainebleau State Park: inserted 36 events
[2026-04-04T11:57:43.018Z]   ✓ Fontainebleau State Park Visitors Center: inserted 36 events
[2026-04-04T11:57:45.470Z]   ✓ Fool Hollow Lake Recreation Area: inserted 21 events
[2026-04-04T11:57:48.031Z]   ✓ Fool Hollow Lake Recreation Area Campground: inserted 21 events
[2026-04-04T11:57:49.362Z]   ✓ Fort Churchill State Historic Park: inserted 3 events
[2026-04-04T11:57:50.621Z]   ✓ Fort Des Moines Park: inserted 10 events
[2026-04-04T11:57:51.032Z]   ✓ Fort De Soto Park: inserted 2 events
[2026-04-04T11:57:51.642Z]   ✓ Fort De Soto Park Campground: inserted 4 events
[2026-04-04T11:57:52.059Z]   ✓ Fort Ransom State Park: inserted 2 events
[2026-04-04T11:57:52.366Z]   ✓ Fort Sam Houston RV Park: inserted 1 events
[2026-04-04T11:57:52.668Z]   ✓ Fort Smith Riverfront RV Resort: inserted 1 events
[2026-04-04T11:57:54.416Z]   ✓ Fossil Flats Trailhead: inserted 5 events
[2026-04-04T11:57:55.021Z]   ✓ Fourche Lake Recreation Area, Mark Twain National Forest: inserted 2 events
[2026-04-04T11:57:55.525Z]   ✓ Four Mile Creek State Park: inserted 3 events
[2026-04-04T11:57:56.839Z]   ✓ Francis Beach Campground: inserted 1 events
[2026-04-04T11:57:57.666Z]   ✓ Fraser Flat Campground: inserted 2 events
[2026-04-04T11:57:58.070Z]   ✓ Fredonia Bay State Park: inserted 2 events
[2026-04-04T11:57:59.252Z]   ✓ Friends Creek Campground: inserted 1 events
[2026-04-04T11:57:59.557Z]   ✓ Friends Creek Conservation Area: inserted 1 events
[2026-04-04T11:58:00.968Z]   ✓ FUCHS HOUSE: inserted 2 events
[2026-04-04T11:58:01.765Z]   ✓ Gabions Campground: inserted 1 events
[2026-04-04T11:58:03.751Z]   ✓ Gallatin County Regional Park: inserted 17 events
[2026-04-04T11:58:04.705Z]   ✓ Ga Mountain Campground: inserted 7 events
[2026-04-04T11:58:05.010Z]   ✓ Garden of the Gods: inserted 1 events
[2026-04-04T11:58:05.729Z]   ✓ Gateway Luxury RV Resort : inserted 3 events
[2026-04-04T11:58:06.474Z]   ✓ Gauley Ranger District: inserted 3 events
[2026-04-04T11:58:08.753Z]   ✓ Georgia Veterans State Park: inserted 14 events
[2026-04-04T11:58:09.249Z]   ✓ German Ridge Recreation Area: inserted 2 events
[2026-04-04T11:58:10.184Z]   ✓ Gila National Forest: inserted 1 events
[2026-04-04T11:58:11.228Z]   ✓ Gilbert Lake State Park: inserted 4 events
[2026-04-04T11:58:11.965Z]   ✓ Gilmore Campground: inserted 3 events
[2026-04-04T11:58:13.733Z]   ✓ Glamping Florida, by River Ranch: inserted 11 events
[2026-04-04T11:58:14.251Z]   ✓ Glen Elder State Park: inserted 3 events
[2026-04-04T11:58:15.587Z]   ✓ Golden Hill State Park: inserted 3 events
[2026-04-04T11:58:16.625Z]   ✓ Goose Creek State Park: inserted 1 events
[2026-04-04T11:58:17.501Z]   ✓ Gotta Getaway RV Park: inserted 4 events
[2026-04-04T11:58:18.658Z]   ✓ Grafton Lakes State Park: inserted 3 events
[2026-04-04T11:58:23.278Z]   ✓ Grand Isle State Park: inserted 36 events
[2026-04-04T11:58:24.103Z]   ✓ Grand Lake O' The Cherokees RV Resort: inserted 4 events
[2026-04-04T11:58:25.708Z]   ✓ Grand Oaks RV Resort: inserted 14 events
[2026-04-04T11:58:26.630Z]   ✓ Graner Bottom: inserted 3 events
[2026-04-04T11:58:27.968Z]   ✓ Great Escapes RV Resorts Chesnut Bay: inserted 3 events
[2026-04-04T11:58:28.476Z]   ✓ Great Escapes RV Resorts North Texas: inserted 3 events
[2026-04-04T11:58:29.001Z]   ✓ Greenbrier: inserted 1 events
[2026-04-04T11:58:29.788Z]   ✓ Greenbrier State Forest: inserted 3 events
[2026-04-04T11:58:30.325Z]   ✓ Greenbrier State Forest Campground: inserted 3 events
[2026-04-04T11:58:31.386Z]   ✓ Green Lakes State Park: inserted 4 events
[2026-04-04T11:58:32.204Z]   ✓ Green Rock Retreat: inserted 1 events
[2026-04-04T11:58:32.514Z]   ✓ GREEN VALLEY: inserted 1 events
[2026-04-04T11:58:32.836Z]   ✓ Green Valley Campground: inserted 1 events
[2026-04-04T11:58:33.366Z]   ✓ Grizzly Creek Redwoods State Park: inserted 1 events
[2026-04-04T11:58:34.120Z]   ✓ G & R Recreation Campground: inserted 5 events
[2026-04-04T11:58:35.851Z]   ✓ Hamilton County Chester Frost Park Campground: inserted 3 events
[2026-04-04T11:58:36.576Z]   ✓ Hamlin Beach State Park: inserted 5 events
[2026-04-04T11:58:37.217Z]   ✓ Hanna Park Campground: inserted 2 events
[2026-04-04T11:58:37.758Z]   ✓ Hanscom AFB FamCamp: inserted 3 events
[2026-04-04T11:58:38.698Z]   ✓ Harriman State Park: inserted 3 events
[2026-04-04T11:58:40.381Z]   ✓ Harrington Beach State Park: inserted 12 events
[2026-04-04T11:58:41.625Z]   ✓ Hartman Creek State Park: inserted 8 events
[2026-04-04T11:58:42.718Z]   ✓ Havasupai Gardens Campground: inserted 1 events
[2026-04-04T11:58:43.771Z]   ✓ Hawk Woods Park and Campground: inserted 2 events
[2026-04-04T11:58:44.290Z]   ✓ Hearst San Simeon State Park: inserted 1 events
[2026-04-04T11:58:45.414Z]   ✓ Heckscher State Park: inserted 3 events
[2026-04-04T11:58:46.276Z]   ✓ Heckscher State Park Campground: inserted 6 events
[2026-04-04T11:58:46.990Z]   ✓ Heimerman Point Campground: inserted 2 events
[2026-04-04T11:58:47.526Z]   ✓ Hemlock Hill Camp Resort: inserted 1 events
[2026-04-04T11:58:47.841Z]   ✓ Hendy Woods State Park: inserted 1 events
[2026-04-04T11:58:48.149Z]   ✓ Henry Cowell Redwoods State Park: inserted 1 events
[2026-04-04T11:58:48.463Z]   ✓ Henry Cowell Redwoods State Park Campground: inserted 1 events
[2026-04-04T11:58:51.072Z]   ✓ Herrick Recreation Area: inserted 14 events
[2026-04-04T11:58:53.258Z]   ✓ Hidden Lake Campground and Resort: inserted 3 events
[2026-04-04T11:58:53.773Z]   ✓ Hidden Lakes RV Resort: inserted 1 events
[2026-04-04T11:58:54.805Z]   ✓ Hidden Ridge Camping: inserted 2 events
[2026-04-04T11:58:55.328Z]   ✓ Hidden Valley Nature Center: inserted 1 events
[2026-04-04T11:58:55.953Z]   ✓ High Cliff State Park: inserted 2 events
[2026-04-04T11:58:56.767Z]   ✓ High Cliff State Park Campground: inserted 6 events
[2026-04-04T11:58:57.836Z]   ✓ Hillsborough River State Park: inserted 2 events
[2026-04-04T11:58:58.275Z]   ✓ Hillsborough River State Park Campground: inserted 2 events
[2026-04-04T11:58:58.695Z]   ✓ Hillsdale State Park: inserted 2 events
[2026-04-04T11:58:59.663Z]   ✓ Hilton Head Island Motorcoach Resort: inserted 1 events
[2026-04-04T11:59:01.202Z]   ✓ Historic Blakeley State Park: inserted 11 events
[2026-04-04T11:59:01.737Z]   ✓ Hither Hills State Park: inserted 3 events
[2026-04-04T11:59:02.826Z]   ✓ Hobbs State Park-Conservation Area: inserted 5 events
[2026-04-04T11:59:05.412Z]   ✓ Hog Canyon West Kiosk: inserted 23 events
[2026-04-04T11:59:05.825Z]   ✓ Hoh Rainforest Campground: inserted 2 events
[2026-04-04T11:59:06.346Z]   ✓ Hoist/Reid Lake Areas: inserted 1 events
[2026-04-04T11:59:09.451Z]   ✓ Holiday Trav-L-Park: inserted 16 events
[2026-04-04T11:59:11.188Z]   ✓ Holliday Lake State Park: inserted 10 events
[2026-04-04T11:59:12.520Z]   ✓ Holly River State Park: inserted 3 events
[2026-04-04T11:59:15.258Z]   ✓ Homolovi State Park: inserted 20 events
[2026-04-04T11:59:17.323Z]   ✓ HTR Black Hills Resort: inserted 1 events
[2026-04-04T11:59:18.404Z]   ✓ HTR Door County Campground and RV Resort: inserted 8 events
[2026-04-04T11:59:19.673Z]   ✓ Huguenot Campground: inserted 2 events
[2026-04-04T11:59:19.981Z]   ✓ Humboldt Redwoods State Park: inserted 1 events
[2026-04-04T11:59:21.304Z]   ✓ Hungry Mother State Park: inserted 10 events
[2026-04-04T11:59:24.310Z]   ✓ Ice Age Fossils State Park: inserted 3 events
[2026-04-04T11:59:25.849Z]   ✓ INDIAN BOUNDARY: inserted 1 events
[2026-04-04T11:59:26.982Z]   ✓ Ingebretson Park: inserted 3 events
[2026-04-04T11:59:28.438Z]   ✓ Interlake RV Resort: inserted 10 events
[2026-04-04T11:59:28.953Z]   ✓ Interlochen State Park: inserted 3 events
[2026-04-04T11:59:30.084Z]   ✓ IRON LAKE: inserted 5 events
[2026-04-04T11:59:30.594Z]   ✓ Island Oaks RV Resort: inserted 1 events
[2026-04-04T11:59:31.117Z]   ✓ Islay Creek Campground: inserted 1 events
[2026-04-04T11:59:32.055Z]   ✓ Jacksonport State Park: inserted 5 events
[2026-04-04T11:59:33.304Z]   ✓ James Creek RV Resort: inserted 5 events
[2026-04-04T11:59:34.585Z]   ✓ James River State Park: inserted 10 events
[2026-04-04T11:59:35.096Z]   ✓ Jedediah Smith Campground: inserted 1 events
[2026-04-04T11:59:35.413Z]   ✓ Jedediah Smith Redwoods State Park: inserted 1 events
[2026-04-04T11:59:36.372Z]   ✓ Jellystone Park Columbus North: inserted 3 events
[2026-04-04T11:59:36.687Z]   ✓ Jellystone Park Pelahatchie: inserted 1 events
[2026-04-04T11:59:37.623Z]   ✓ Jellystone Park™ Delaware Beaches: inserted 7 events
[2026-04-04T11:59:38.546Z]   ✓ Jellystone Park™ Gardiner: inserted 5 events
[2026-04-04T11:59:40.055Z]   ✓ Jellystone Park™ Mammoth Cave: inserted 4 events
[2026-04-04T11:59:40.690Z]   ✓ Jellystone Park™ Petoskey: inserted 2 events
[2026-04-04T11:59:41.105Z]   ✓ Jellystone Park™ Quarryville: inserted 2 events
[2026-04-04T11:59:41.712Z]   ✓ Jellystone Park™ Williamsport: inserted 2 events
[2026-04-04T11:59:42.230Z]   ✓ Jenny Jump State Forest: inserted 1 events
[2026-04-04T11:59:44.059Z]   ✓ Jester Park: inserted 10 events
[2026-04-04T11:59:48.312Z]   ✓ Jimmie Davis State Park: inserted 36 events
[2026-04-04T11:59:48.735Z]   ✓ John Pennekamp Coral Reef State Park: inserted 2 events
[2026-04-04T11:59:50.707Z]   ✓ Johnson County Park: inserted 14 events
[2026-04-04T11:59:51.110Z]   ✓ Johnson's Shut-Ins State Park: inserted 2 events
[2026-04-04T11:59:51.539Z]   ✓ Johnson's Shut-Ins State Park Campground: inserted 2 events
[2026-04-04T11:59:51.955Z]   ✓ Jonathan Dickinson State Park: inserted 2 events
[2026-04-04T11:59:53.296Z]   ✓ Julia Pfeiffer Burns State Park: inserted 1 events
[2026-04-04T11:59:56.671Z]   ✓ Kahua Nui-Makai (Ho'omaluhia) Campsites: inserted 24 events
[2026-04-04T11:59:59.856Z]   ✓ Kalanianaʻole Campsite: inserted 24 events
[2026-04-04T12:00:00.813Z]   ✓ Kanawha State Forest: inserted 3 events
[2026-04-04T12:00:01.358Z]   ✓ Kanawha State Forest Campground Entrance: inserted 3 events
[2026-04-04T12:00:01.870Z]   ✓ Kanawha State Forest Group Campsite: inserted 3 events
[2026-04-04T12:00:02.280Z]   ✓ Kanopolis Lake State Park: inserted 2 events
[2026-04-04T12:00:03.220Z]   ✓ Kansas Speedway Camping - RACE WEEKENDS ONLY: inserted 6 events
[2026-04-04T12:00:03.734Z]   ✓ Kanza Campground: inserted 3 events
[2026-04-04T12:00:06.308Z]   ✓ Kartchner Caverns State Park: inserted 20 events
[2026-04-04T12:00:06.756Z]   ✓ Kdwp Clinton State Park: inserted 2 events
[2026-04-04T12:00:07.167Z]   ✓ KDWP - Milford Nature Center & Fish Hatchery: inserted 2 events
[2026-04-04T12:00:07.687Z]   ✓ KDWPT Perry State Park: inserted 3 events
[2026-04-04T12:00:10.777Z]   ✓ Keaʻau Beach Park: inserted 24 events
[2026-04-04T12:00:12.047Z]   ✓ Kenanna RV Resort: inserted 6 events
[2026-04-04T12:00:13.198Z]   ✓ Kentucky Horse Park Campground: inserted 1 events
[2026-04-04T12:00:13.705Z]   ✓ Kerr Lake State Recreation Area: inserted 1 events
[2026-04-04T12:00:15.178Z]   ✓ Kettle Moraine State Forest: inserted 8 events
[2026-04-04T12:00:16.619Z]   ✓ Kettle Moraine State Forest - Northern Unit: inserted 12 events
[2026-04-04T12:00:17.919Z]   ✓ Kettle Moraine State Forest- Pike Lake Unit: inserted 9 events
[2026-04-04T12:00:18.884Z]   ✓ Keuka Lake State Park: inserted 3 events
[2026-04-04T12:00:21.740Z]   ✓ Kiptopeke State Park: inserted 10 events
[2026-04-04T12:00:23.060Z]   ✓ Klamath Falls RV Resort: inserted 9 events
[2026-04-04T12:00:23.778Z]   ✓ Kneff Lake Campground: inserted 1 events
[2026-04-04T12:00:25.220Z]   ✓ Knob Noster State Park: inserted 10 events
[2026-04-04T12:00:25.854Z]   ✓ Kohler-Andrae State Park: inserted 4 events
[2026-04-04T12:00:26.585Z]   ✓ Kootenai County Fairgrounds RV Park: inserted 1 events
[2026-04-04T12:00:26.997Z]   ✓ Koreshan State Park: inserted 2 events
[2026-04-04T12:00:29.898Z]   ✓ Kualoa Regional Park: inserted 24 events
[2026-04-04T12:00:30.433Z]   ✓ Kumbrabow State Forest: inserted 3 events
[2026-04-04T12:00:31.154Z]   ✓ Kyles Landing Campground: inserted 3 events
[2026-04-04T12:00:31.871Z]   ✓ LAGOON CAMPGROUND: inserted 3 events
[2026-04-04T12:00:32.404Z]   ✓ Lagoon RV Park & Campground: inserted 3 events
[2026-04-04T12:00:34.389Z]   ✓ Lake Anna State Park: inserted 10 events
[2026-04-04T12:00:38.394Z]   ✓ Lake Bistineau State Park: inserted 36 events
[2026-04-04T12:00:42.537Z]   ✓ Lake Bruin State Park: inserted 37 events
[2026-04-04T12:00:43.709Z]   ✓ Lake Catherine State Park: inserted 5 events
[2026-04-04T12:00:44.526Z]   ✓ Lake Charles RV Resort: inserted 4 events
[2026-04-04T12:00:45.286Z]   ✓ Lake Charles State Park: inserted 5 events
[2026-04-04T12:00:49.566Z]   ✓ Lake Claiborne State Park: inserted 37 events
[2026-04-04T12:00:50.303Z]   ✓ Lake Concow Campground: inserted 1 events
[2026-04-04T12:00:51.310Z]   ✓ Lake Dardanelle State Park: inserted 5 events
[2026-04-04T12:00:53.526Z]   ✓ Lake Fairfax Park: inserted 11 events
[2026-04-04T12:00:54.875Z]   ✓ Lake Fairfax Park Campground: inserted 11 events
[2026-04-04T12:00:59.004Z]   ✓ Lake Fausse Pointe State Park: inserted 37 events
[2026-04-04T12:00:59.827Z]   ✓ Lake Frierson State Park: inserted 5 events
[2026-04-04T12:01:00.138Z]   ✓ Lake George Campsites: inserted 1 events
[2026-04-04T12:01:02.792Z]   ✓ Lake Havasu Shoreline Sites: inserted 20 events
[2026-04-04T12:01:05.250Z]   ✓ Lake Havasu State Park: inserted 20 events
[2026-04-04T12:01:08.015Z]   ✓ Lake Havasu State Park Campground: inserted 24 events
[2026-04-04T12:01:08.528Z]   ✓ Lake Houston Wilderness Park: inserted 1 events
[2026-04-04T12:01:09.043Z]   ✓ Lake James State Park: inserted 1 events
[2026-04-04T12:01:09.353Z]   ✓ Lake James State Park Catawba River Access: inserted 1 events
[2026-04-04T12:01:10.503Z]   ✓ Lake Lauderdale County Park: inserted 5 events
[2026-04-04T12:01:12.316Z]   ✓ Lake Louise RV Resort: inserted 15 events
[2026-04-04T12:01:13.461Z]   ✓ LAKE MICHIGAN AT MANISTEE: inserted 1 events
[2026-04-04T12:01:13.767Z]   ✓ Lake Michigan Recreation Area: inserted 1 events
[2026-04-04T12:01:15.038Z]   ✓ Lake of the Ozarks State Park: inserted 6 events
[2026-04-04T12:01:15.561Z]   ✓ Lake Oroville State Recreation Area: inserted 1 events
[2026-04-04T12:01:16.519Z]   ✓ Lake Ouachita State Park: inserted 5 events
[2026-04-04T12:01:17.266Z]   ✓ Lake Ouachita State Park: inserted 5 events
[2026-04-04T12:01:18.757Z]   ✓ Lake Poinsett State Park: inserted 5 events
[2026-04-04T12:01:19.354Z]   ✓ LAKE RABUN BEACH RECREATION AREA: inserted 1 events
[2026-04-04T12:01:21.656Z]   ✓ Lake Rudolph Campground & RV Resort: inserted 16 events
[2026-04-04T12:01:22.690Z]   ✓ Lake Scott State Park: inserted 2 events
[2026-04-04T12:01:23.479Z]   ✓ Lakeshore RV Campground: inserted 5 events
[2026-04-04T12:01:24.937Z]   ✓ Lakeside RV Resort: inserted 6 events
[2026-04-04T12:01:26.208Z]   ✓ Lakeside State Park: inserted 7 events
[2026-04-04T12:01:27.502Z]   ✓ Lake St Clair Metropark campgrounds: inserted 1 events
[2026-04-04T12:01:28.056Z]   ✓ Lake Taghkanic State Park Campground: inserted 3 events
[2026-04-04T12:01:28.557Z]   ✓ Lake Tahoe - Nevada State Park: inserted 2 events
[2026-04-04T12:01:29.673Z]   ✓ Lake Trenton: inserted 1 events
[2026-04-04T12:01:32.150Z]   ✓ Lake Winfield Scott Recreation Area: inserted 1 events
[2026-04-04T12:01:32.805Z]   ✓ Lake Yellowstone Hotel and Cabins: inserted 2 events
[2026-04-04T12:01:35.437Z]   ✓ Laramie RV Resort: inserted 4 events
[2026-04-04T12:01:37.002Z]   ✓ Lava Lake Campground: inserted 4 events
[2026-04-04T12:01:37.628Z]   ✓ LAVA LAKE CAMPGROUND: inserted 4 events
[2026-04-04T12:01:41.957Z]   ✓ Ledges Whitewater River Park: inserted 21 events
[2026-04-04T12:01:43.261Z]   ✓ Leesylvania State Park: inserted 10 events
[2026-04-04T12:01:44.304Z]   ✓ Leif J. Sverdrup Campsite: inserted 6 events
[2026-04-04T12:01:44.606Z]   ✓ Leo Carrillo State Park: inserted 1 events
[2026-04-04T12:01:45.046Z]   ✓ Leo Carrillo State Park Campground: inserted 1 events
[2026-04-04T12:01:45.825Z]   ✓ Letchworth State Park: inserted 5 events
[2026-04-04T12:01:46.663Z]   ✓ Letchworth State Park Campground: inserted 5 events
[2026-04-04T12:01:49.462Z]   ✓ Limekiln State Park: inserted 1 events
[2026-04-04T12:01:49.961Z]   ✓ Lime Saddle Campground: inserted 1 events
[2026-04-04T12:01:51.094Z]   ✓ Little Beaver State Park: inserted 3 events
[2026-04-04T12:01:51.621Z]   ✓ Little Beaver State Park Campground: inserted 3 events
[2026-04-04T12:01:52.031Z]   ✓ Little Bennett Campground: inserted 2 events
[2026-04-04T12:01:52.678Z]   ✓ Little Bennett Campground Store: inserted 4 events
[2026-04-04T12:01:54.110Z]   ✓ Little Isabella River Campground: inserted 6 events
[2026-04-04T12:01:55.574Z]   ✓ Little Sugar Farm: inserted 2 events
[2026-04-04T12:01:56.108Z]   ✓ Little Wall Lake Park: inserted 3 events
[2026-04-04T12:01:56.414Z]   ✓ Live Oak Campground: inserted 1 events
[2026-04-04T12:01:56.731Z]   ✓ Loafer Creek Recreation Area: inserted 1 events
[2026-04-04T12:01:57.898Z]   ✓ Logoly State Park: inserted 5 events
[2026-04-04T12:01:58.913Z]   ✓ Lone Pine Campsite: inserted 2 events
[2026-04-04T12:02:00.094Z]   ✓ Long Pine Key Campground: inserted 1 events
[2026-04-04T12:02:01.884Z]   ✓ Loran Camp and Trailhead: inserted 1 events
[2026-04-04T12:02:02.250Z]   ✓ Loran Trailhead: inserted 1 events
[2026-04-04T12:02:05.985Z]   ✓ Lost Dutchman State Park: inserted 20 events
[2026-04-04T12:02:07.763Z]   ✓ Lost River State Park: inserted 3 events
[2026-04-04T12:02:08.977Z]   ✓ Louise F Cosca Regional Park: inserted 5 events
[2026-04-04T12:02:12.277Z]   ✓ Louis Lake Campground: inserted 28 events
[2026-04-04T12:02:12.703Z]   ✓ Lovewell State Park: inserted 2 events
[2026-04-04T12:02:14.731Z]   ✓ LUCAS PARK: inserted 9 events
[2026-04-04T12:02:19.255Z]   ✓ Lyman Lake: inserted 20 events
[2026-04-04T12:02:21.582Z]   ✓ Lyman Lake Campsites: inserted 20 events
[2026-04-04T12:02:24.121Z]   ✓ Lyman Lake State Park: inserted 20 events
[2026-04-04T12:02:25.775Z]   ✓ Machicomoco State Park: inserted 10 events
[2026-04-04T12:02:27.059Z]   ✓ Machicomoco State Park Campground: inserted 10 events
[2026-04-04T12:02:27.385Z]   ✓ MacKerricher State Park: inserted 1 events
[2026-04-04T12:02:27.695Z]   ✓ Mack Lake ORV Campground: inserted 1 events
[2026-04-04T12:02:28.409Z]   ✓ Macomb Reservation State Park: inserted 3 events
[2026-04-04T12:02:29.251Z]   ✓ Madeira Beach Municipal Marina & Campground: inserted 6 events
[2026-04-04T12:02:29.760Z]   ✓ MAIN DAY USE: inserted 1 events
[2026-04-04T12:02:30.461Z]   ✓ Malakoff Diggins State Historic Park: inserted 1 events
[2026-04-04T12:02:30.782Z]   ✓ Malibu Creek State Park: inserted 1 events
[2026-04-04T12:02:31.092Z]   ✓ Malibu Creek State Park Campground: inserted 1 events
[2026-04-04T12:02:32.031Z]   ✓ Mammoth Spring State Park: inserted 5 events
[2026-04-04T12:02:32.638Z]   ✓ Manton Trails RV Park & Campground: inserted 4 events
[2026-04-04T12:02:33.436Z]   ✓ Manzano Mountain Retreat: inserted 2 events
[2026-04-04T12:02:34.555Z]   ✓ Marble Creek Campground: inserted 2 events
[2026-04-04T12:02:35.069Z]   ✓ Margaret Lewis Norrie State Park: inserted 3 events
[2026-04-04T12:02:35.837Z]   ✓ Marion County Park: inserted 3 events
[2026-04-04T12:02:36.303Z]   ✓ Markham Spring Recreation Area.: inserted 2 events
[2026-04-04T12:02:36.944Z]   ✓ Mark Twain National Forest: inserted 2 events
[2026-04-04T12:02:37.551Z]   ✓ Marlinton Ranger District: inserted 3 events
[2026-04-04T12:02:38.272Z]   ✓ MARSH LAKE CAMPGROUND: inserted 1 events
[2026-04-04T12:02:38.871Z]   ✓ Marylander RV Park: inserted 2 events
[2026-04-04T12:02:39.678Z]   ✓ Mash Fork Campground: inserted 3 events
[2026-04-04T12:02:41.145Z]   ✓ Mason Neck State Park: inserted 10 events
[2026-04-04T12:02:41.814Z]   ✓ Mather Campground: inserted 1 events
[2026-04-04T12:02:42.546Z]   ✓ Max V. Shaul State Park: inserted 3 events
[2026-04-04T12:02:44.313Z]   ✓ May Forest State Park: inserted 15 events
[2026-04-04T12:02:45.037Z]   ✓ Mays Landing Campground: inserted 5 events
[2026-04-04T12:02:45.557Z]   ✓ McCollum Campground: inserted 3 events
[2026-04-04T12:02:45.862Z]   ✓ McConnell State Recreation Area: inserted 1 events
[2026-04-04T12:02:46.997Z]   ✓ McDowell Campground: inserted 7 events
[2026-04-04T12:02:48.084Z]   ✓ McDowell Campground: inserted 7 events
[2026-04-04T12:02:48.898Z]   ✓ McLeod Park: inserted 2 events
[2026-04-04T12:02:49.663Z]   ✓ Meade State Park: inserted 2 events
[2026-04-04T12:02:50.174Z]   ✓ Meador Campground: inserted 3 events
[2026-04-04T12:02:50.993Z]   ✓ Meadowview Campground: inserted 2 events
[2026-04-04T12:02:51.297Z]   ✓ Medora Campground: inserted 1 events
[2026-04-04T12:02:52.326Z]   ✓ Mendocino Grove: inserted 6 events
[2026-04-04T12:03:02.444Z]   ✓ Metzler Park and Campground Clackamas County: inserted 86 events
[2026-04-04T12:03:03.183Z]   ✓ MIDDLE MOUNTAIN CABINS: inserted 3 events
[2026-04-04T12:03:03.785Z]   ✓ Milford State Park: inserted 2 events
[2026-04-04T12:03:04.181Z]   ✓ Millbrook Campground: inserted 2 events
[2026-04-04T12:03:06.278Z]   ✓ Millwood State Park: inserted 5 events
[2026-04-04T12:03:07.026Z]   ✓ Millwood State Park: inserted 5 events
[2026-04-04T12:03:07.528Z]   ✓ Mine Kill State Park: inserted 3 events
[2026-04-04T12:03:08.455Z]   ✓ Mississippi Bluffs Ranger District: inserted 1 events
[2026-04-04T12:03:09.258Z]   ✓ Mississippi River State Park: inserted 5 events
[2026-04-04T12:03:09.994Z]   ✓ Mississippi River State Park St. Francis National Forest Visitor Center: inserted 5 events
[2026-04-04T12:03:10.726Z]   ✓ Missouri Deptartment of Natural Resources: inserted 5 events
[2026-04-04T12:03:11.653Z]   ✓ Moncove Lake State Park: inserted 3 events
[2026-04-04T12:03:12.857Z]   ✓ Monongahela National Forest: inserted 3 events
[2026-04-04T12:03:13.162Z]   ✓ Montaña de Oro State Park: inserted 1 events
[2026-04-04T12:03:13.571Z]   ✓ Montauk State Park: inserted 2 events
[2026-04-04T12:03:14.060Z]   ✓ Montour Trail Campground: inserted 1 events
[2026-04-04T12:03:14.361Z]   ✓ Montour Trail - Kurnick Campground: inserted 1 events
[2026-04-04T12:03:15.079Z]   ✓ Moose Meadow Lodge & Treehouse: inserted 1 events
[2026-04-04T12:03:16.056Z]   ✓ Moreau Lake State Park: inserted 3 events
[2026-04-04T12:03:17.632Z]   ✓ Moro Bay State Park: inserted 5 events
[2026-04-04T12:03:17.968Z]   ✓ Morro Bay State Park: inserted 1 events
[2026-04-04T12:03:18.278Z]   ✓ Morro Bay State Park Campground: inserted 1 events
[2026-04-04T12:03:18.596Z]   ✓ Morro Strand State Beach Campground: inserted 1 events
[2026-04-04T12:03:20.906Z]   ✓ Mount Diablo State Park: inserted 1 events
[2026-04-04T12:03:21.209Z]   ✓ Mount Hood National Forest: inserted 1 events
[2026-04-04T12:03:21.946Z]   ✓ Mount Magazine State Park: inserted 5 events
[2026-04-04T12:03:22.661Z]   ✓ Mount Nebo State Park: inserted 5 events
[2026-04-04T12:03:22.966Z]   ✓ Mount Tamalpais State Park: inserted 1 events
[2026-04-04T12:03:23.480Z]   ✓ Mouse River State Forest: inserted 1 events
[2026-04-04T12:03:24.422Z]   ✓ Mt. Palomar North Side Area: inserted 1 events
[2026-04-04T12:03:25.651Z]   ✓ Mueller State Park: inserted 4 events
[2026-04-04T12:03:27.183Z]   ✓ Muncie RV Resort: inserted 11 events
[2026-04-04T12:03:27.484Z]   ✓ Munising Ranger District: inserted 1 events
[2026-04-04T12:03:28.004Z]   ✓ Myakka River Motorcoach Resort: inserted 1 events
[2026-04-04T12:03:29.872Z]   ✓ My Old Kentucky Home Campground: inserted 14 events
[2026-04-04T12:03:30.178Z]   ✓ Mystic Waters Campground: inserted 1 events
[2026-04-04T12:03:32.028Z]   ✓ Natural Bridge State Park: inserted 10 events
[2026-04-04T12:03:33.648Z]   ✓ Natural Tunnel State Park: inserted 10 events
[2026-04-04T12:03:34.358Z]   ✓ Navarro River Redwoods State Park: inserted 1 events
[2026-04-04T12:03:36.262Z]   ✓ New Glarus Woods State Park: inserted 6 events
[2026-04-04T12:03:36.971Z]   ✓ New River Gorge Campground - American Alpine Club: inserted 1 events
[2026-04-04T12:03:38.243Z]   ✓ New River Trail State Park: inserted 10 events
[2026-04-04T12:03:39.044Z]   ✓ Niagara Creek Campground: inserted 2 events
[2026-04-04T12:03:39.471Z]   ✓ Niagara OHV Campground: inserted 2 events
[2026-04-04T12:03:39.765Z]   ✓ NICHOLS LAKE SOUTH CAMPGROUND: inserted 1 events
[2026-04-04T12:03:41.097Z]   ✓ Normandy Farms Campground: inserted 3 events
[2026-04-04T12:03:41.405Z]   ✓ North Beach Campground: inserted 1 events
[2026-04-04T12:03:42.318Z]   ✓ North Beach Campground: inserted 7 events
[2026-04-04T12:03:43.265Z]   ✓ North Bend State Park: inserted 3 events
[2026-04-04T12:03:44.889Z]   ✓ North Fork Recreation Area: inserted 2 events
[2026-04-04T12:03:46.003Z]   ✓ Northpointe Shores RV Resort: inserted 1 events
[2026-04-04T12:03:46.769Z]   ✓ North Rim Trail: inserted 5 events
[2026-04-04T12:03:48.489Z]   ✓ Nutbush Bridge Creek Park: inserted 1 events
[2026-04-04T12:03:51.739Z]   ✓ Oak Creek RV Resort: inserted 22 events
[2026-04-04T12:03:52.667Z]   ✓ Oak Grove County Park (with State Lands): inserted 1 events
[2026-04-04T12:03:54.587Z]   ✓ Oak Lake RV Resort: inserted 15 events
[2026-04-04T12:03:54.899Z]   ✓ OAK PARK DAY USE: inserted 1 events
[2026-04-04T12:03:57.115Z]   ✓ Occoneechee State Park: inserted 11 events
[2026-04-04T12:03:58.464Z]   ✓ Occoneechee State Park & Marina: inserted 11 events
[2026-04-04T12:03:59.256Z]   ✓ Oceano Campground - Pismo State Beach: inserted 1 events
[2026-04-04T12:03:59.577Z]   ✓ Oceano Dunes State Vehicular Recreation Area: inserted 1 events
[2026-04-04T12:04:00.268Z]   ✓ Odetah Camping Resort: inserted 1 events
[2026-04-04T12:04:02.503Z]   ✓ Old Chatham Road Campground: inserted 8 events
[2026-04-04T12:04:03.002Z]   ✓ Olde Stone Village: inserted 3 events
[2026-04-04T12:04:03.311Z]   ✓ Old Forge Camping Resort: inserted 1 events
[2026-04-04T12:04:03.822Z]   ✓ Old Mission State Park: inserted 1 events
[2026-04-04T12:04:05.971Z]   ✓ Onondaga Cave State Park: inserted 10 events
[2026-04-04T12:04:06.403Z]   ✓ Ontonagon Ranger District: inserted 2 events
[2026-04-04T12:04:06.940Z]   ✓ Oquaga Creek State Park: inserted 3 events
[2026-04-04T12:04:09.366Z]   ✓ Oracle State Park: inserted 20 events
[2026-04-04T12:04:09.996Z]   ✓ Osage Plains Campground: inserted 2 events
[2026-04-04T12:04:10.664Z]   ✓ Ottawa National Forest: inserted 2 events
[2026-04-04T12:04:11.179Z]   ✓ Otter Creek Outdoor Recreation Area Campground: inserted 1 events
[2026-04-04T12:04:11.682Z]   ✓ OVERLOOK PARK: inserted 1 events
[2026-04-04T12:04:12.193Z]   ✓ Ozark Campground: inserted 3 events
[2026-04-04T12:04:12.712Z]   ✓ Ozark Campground: inserted 3 events
[2026-04-04T12:04:13.458Z]   ✓ Ozark National Forest Trailhead: inserted 5 events
[2026-04-04T12:04:14.765Z]   ✓ Pahokee City Park: inserted 1 events
[2026-04-04T12:04:15.074Z]   ✓ Painted Hills RV Resort: inserted 1 events
[2026-04-04T12:04:19.648Z]   ✓ Palmetto Island State Park: inserted 36 events
[2026-04-04T12:04:19.946Z]   ✓ Palomar Mountain State Park: inserted 1 events
[2026-04-04T12:04:20.435Z]   ✓ Pammel State Park: inserted 2 events
[2026-04-04T12:04:21.561Z]   ✓ Panther State Forest: inserted 3 events
[2026-04-04T12:04:22.478Z]   ✓ Paradise Lakes Family Campground: inserted 1 events
[2026-04-04T12:04:24.614Z]   ✓ Park Terrace Campground: inserted 1 events
[2026-04-04T12:04:25.352Z]   ✓ Paso Picacho Campground: inserted 1 events
[2026-04-04T12:04:27.895Z]   ✓ Patagonia Lake State Park: inserted 20 events
[2026-04-04T12:04:28.202Z]   ✓ Patapsco Valley State Park - Hilton Area: inserted 1 events
[2026-04-04T12:04:28.500Z]   ✓ Patapsco Valley State Park - Hollofield Area: inserted 1 events
[2026-04-04T12:04:35.943Z]   ✓ Patrick SFB Manatee Cove Campground: inserted 68 events
[2026-04-04T12:04:36.639Z]   ✓ Patterson Lake Recreation Area: inserted 3 events
[2026-04-04T12:04:44.458Z]   ✓ PAWNEE: inserted 72 events
[2026-04-04T12:04:45.781Z]   ✓ Pechanga RV Resort: inserted 3 events
[2026-04-04T12:04:47.535Z]   ✓ Peninsula State Park: inserted 5 events
[2026-04-04T12:04:47.833Z]   ✓ Penrose Point State Park: inserted 1 events
[2026-04-04T12:04:49.786Z]   ✓ Perch Lake Campground: inserted 13 events
[2026-04-04T12:04:51.425Z]   ✓ Perch Lake Campground: inserted 13 events
[2026-04-04T12:04:51.930Z]   ✓ PERRY SOUTH CAMPGROUND: inserted 1 events
[2026-04-04T12:04:52.462Z]   ✓ Perry State Park: inserted 3 events
[2026-04-04T12:04:53.664Z]   ✓ Perryville RV Resort: inserted 10 events
[2026-04-04T12:04:53.967Z]   ✓ Peter Cave: inserted 1 events
[2026-04-04T12:04:54.263Z]   ✓ PETERSON BRIDGE: inserted 1 events
[2026-04-04T12:04:55.406Z]   ✓ Petit Jean Campground: inserted 5 events
[2026-04-04T12:04:56.142Z]   ✓ Petit Jean State Park: inserted 5 events
[2026-04-04T12:04:56.447Z]   ✓ Pfeiffer Big Sur State Park: inserted 1 events
[2026-04-04T12:04:58.758Z]   ✓ Picacho Peak State Park: inserted 20 events
[2026-04-04T12:05:00.369Z]   ✓ Pigeon Creek Campground: inserted 6 events
[2026-04-04T12:05:00.780Z]   ✓ Pigeon Flat Campground: inserted 2 events
[2026-04-04T12:05:02.404Z]   ✓ Pine Bluffs RV Resort: inserted 6 events
[2026-04-04T12:05:07.407Z]   ✓ Pine Creek Cabins & Camping Resort: inserted 44 events
[2026-04-04T12:05:08.129Z]   ✓ Pine Grove Campground: inserted 1 events
[2026-04-04T12:05:08.842Z]   ✓ Pine Hills Campground: inserted 1 events
[2026-04-04T12:05:09.383Z]   ✓ PINE LAKE CAMPGROUND: inserted 1 events
[2026-04-04T12:05:10.281Z]   ✓ Pineland Camping Park: inserted 1 events
[2026-04-04T12:05:10.691Z]   ✓ Pine Ridge Recreation Area: inserted 2 events
[2026-04-04T12:05:10.997Z]   ✓ Pines Campground: inserted 1 events
[2026-04-04T12:05:11.497Z]   ✓ Pines Point Campground (MI): inserted 1 events
[2026-04-04T12:05:14.057Z]   ✓ Pine Spring Kiosk: inserted 23 events
[2026-04-04T12:05:15.093Z]   ✓ Pin Oak RV Resort: inserted 8 events
[2026-04-04T12:05:16.416Z]   ✓ Pipestem Campground: inserted 3 events
[2026-04-04T12:05:17.134Z]   ✓ Pismo State Beach: inserted 1 events
[2026-04-04T12:05:18.664Z]   ✓ Plumas-Eureka State Park: inserted 1 events
[2026-04-04T12:05:19.456Z]   ✓ Pocahontas Campground: inserted 3 events
[2026-04-04T12:05:20.709Z]   ✓ Pocahontas State Park: inserted 10 events
[2026-04-04T12:05:22.073Z]   ✓ Pocahontas State Park Entrance: inserted 10 events
[2026-04-04T12:05:23.187Z]   ✓ Point Au Roche State Park: inserted 3 events
[2026-04-04T12:05:23.900Z]   ✓ Point Mugu State Park: inserted 1 events
[2026-04-04T12:05:24.710Z]   ✓ Pomona State Park: inserted 2 events
[2026-04-04T12:05:25.120Z]   ✓ Pomona State Park: inserted 2 events
[2026-04-04T12:05:25.441Z]   ✓ Ponderosa State Park: inserted 1 events
[2026-04-04T12:05:26.340Z]   ✓ Pool 8, Wildcat Park: inserted 5 events
[2026-04-04T12:05:27.262Z]   ✓ Portola Redwoods State Park: inserted 1 events
[2026-04-04T12:05:27.577Z]   ✓ Portola Redwoods State Park Campground: inserted 1 events
[2026-04-04T12:05:30.765Z]   ✓ Poverty Kiosk: inserted 23 events
[2026-04-04T12:05:34.857Z]   ✓ Poverty Point Reservoir State Park: inserted 38 events
[2026-04-04T12:05:36.223Z]   ✓ Powhatan State Park: inserted 10 events
[2026-04-04T12:05:36.631Z]   ✓ Prairie Clover Campground: inserted 2 events
[2026-04-04T12:05:37.271Z]   ✓ Prairie Dog State Park: inserted 2 events
[2026-04-04T12:05:39.879Z]   ✓ Prentice Cooper State Forest Trailhead parking: inserted 17 events
[2026-04-04T12:05:40.782Z]   ✓ Prizer Point Campground: inserted 1 events
[2026-04-04T12:05:41.091Z]   ✓ Prizer Point Marina: inserted 1 events
[2026-04-04T12:05:41.807Z]   ✓ Puh'tok in the Pines: inserted 1 events
[2026-04-04T12:05:43.069Z]   ✓ Quarry Bay Campground: inserted 2 events
[2026-04-04T12:05:44.019Z]   ✓ Queen Wilhelmina State Park: inserted 5 events
[2026-04-04T12:05:44.949Z]   ✓ Rager's Acres Seasonal RV Park: inserted 1 events
[2026-04-04T12:05:45.959Z]   ✓ Randolph State Park: inserted 2 events
[2026-04-04T12:05:46.479Z]   ✓ Rapid River/ Manistique Ranger District: inserted 1 events
[2026-04-04T12:05:47.099Z]   ✓ RATTLESNAKE: inserted 2 events
[2026-04-04T12:05:47.824Z]   ✓ Redbud Campground: inserted 1 events
[2026-04-04T12:05:48.542Z]   ✓ Red Rock Canyon Campground: inserted 1 events
[2026-04-04T12:05:48.846Z]   ✓ Red Rock Canyon State Park: inserted 1 events
[2026-04-04T12:05:49.581Z]   ✓ Red Rock Park: inserted 5 events
[2026-04-04T12:05:52.232Z]   ✓ Red Rock State Park: inserted 20 events
[2026-04-04T12:05:54.126Z]   ✓ Region 09 National Forests-Pennsylvania: inserted 14 events
[2026-04-04T12:05:54.442Z]   ✓ RENEGADE: inserted 1 events
[2026-04-04T12:05:55.176Z]   ✓ Richardson Grove State Park: inserted 1 events
[2026-04-04T12:05:56.377Z]   ✓ Rippling River Resort: inserted 2 events
[2026-04-04T12:05:57.416Z]   ✓ River Campground: inserted 4 events
[2026-04-04T12:05:57.919Z]   ✓ River Falls at the Gorge: inserted 1 events
[2026-04-04T12:05:59.126Z]   ✓ River Forest Haven: inserted 8 events
[2026-04-04T12:05:59.456Z]   ✓ Riverfront Campground: inserted 1 events
[2026-04-04T12:06:02.055Z]   ✓ River Island Campground: inserted 20 events
[2026-04-04T12:06:04.455Z]   ✓ River Island State Park: inserted 20 events
[2026-04-04T12:06:05.359Z]   ✓ River Pond State Park: inserted 2 events
[2026-04-04T12:06:05.986Z]   ✓ RIVER ROAD PARK: inserted 4 events
[2026-04-04T12:06:08.015Z]   ✓ Riverside Day Use Area, Stanislaus National Forest: inserted 2 events
[2026-04-04T12:06:08.554Z]   ✓ Riverside (Mt. Hood National Forest, OR): inserted 1 events
[2026-04-04T12:06:10.280Z]   ✓ River View Camping: inserted 11 events
[2026-04-04T12:06:11.766Z]   ✓ ROARING RIVER: inserted 10 events
[2026-04-04T12:06:13.109Z]   ✓ ROARING RIVER PARK: inserted 10 events
[2026-04-04T12:06:14.376Z]   ✓ Roaring River State Park: inserted 10 events
[2026-04-04T12:06:14.793Z]   ✓ Robert C McDonell Campground: inserted 2 events
[2026-04-04T12:06:15.332Z]   ✓ Robert H. Treman State Park: inserted 3 events
[2026-04-04T12:06:15.905Z]   ✓ Robert Moses State Park - Thousand Islands: inserted 3 events
[2026-04-04T12:06:16.897Z]   ✓ Roberts Creek West Campground: inserted 3 events
[2026-04-04T12:06:17.353Z]   ✓ Robertsville State Park: inserted 2 events
[2026-04-04T12:06:18.012Z]   ✓ Rock Bridge Memorial State Park: inserted 4 events
[2026-04-04T12:06:18.444Z]   ✓ Rock Creek Campground: inserted 1 events
[2026-04-04T12:06:19.261Z]   ✓ Rock Creek Group Camp (Chickasaw): inserted 1 events
[2026-04-04T12:06:23.888Z]   ✓ Rockin' River Ranch State Park: inserted 20 events
[2026-04-04T12:06:26.157Z]   ✓ Rockwood Marina & RV Resort: inserted 16 events
[2026-04-04T12:06:26.552Z]   ✓ Rocky Ford Campground: inserted 2 events
[2026-04-04T12:06:26.963Z]   ✓ Rocky Mountain National Park Moraine Park Campground: inserted 2 events
[2026-04-04T12:06:30.112Z]   ✓ Roper Lake State Park: inserted 20 events
[2026-04-04T12:06:31.211Z]   ✓ Round Lake Campground: inserted 1 events
[2026-04-04T12:06:32.341Z]   ✓ Russellville State Park: inserted 5 events
[2026-04-04T12:06:33.855Z]   ✓ RV Camping Florida, by River Ranch: inserted 11 events
[2026-04-04T12:06:34.353Z]   ✓ Rv spot: inserted 1 events
[2026-04-04T12:06:34.857Z]   ✓ Saddleback Butte State Park: inserted 1 events
[2026-04-04T12:06:35.164Z]   ✓ Saddle Bayou Primitive Campground: inserted 1 events
[2026-04-04T12:06:35.580Z]   ✓ Saddle Lake Campground: inserted 2 events
[2026-04-04T12:06:35.989Z]   ✓ Saddle Lake Recreation Area: inserted 2 events
[2026-04-04T12:06:37.219Z]   ✓ Salton Sea State Recreation Area: inserted 1 events
[2026-04-04T12:06:37.534Z]   ✓ Salt Point State Park: inserted 1 events
[2026-04-04T12:06:38.343Z]   ✓ Sam A. Baker State Park: inserted 4 events
[2026-04-04T12:06:42.304Z]   ✓ Sam Houston Jones State Park: inserted 37 events
[2026-04-04T12:06:43.018Z]   ✓ Sampson State Park: inserted 5 events
[2026-04-04T12:06:43.513Z]   ✓ Samuel Bucklands Campground: inserted 3 events
[2026-04-04T12:06:43.815Z]   ✓ Samuel P. Taylor State Park: inserted 1 events
[2026-04-04T12:06:44.309Z]   ✓ San Clemente State Beach: inserted 1 events
[2026-04-04T12:06:44.738Z]   ✓ Sand Bar Flat Campground: inserted 2 events
[2026-04-04T12:06:45.159Z]   ✓ Sandbeach Campground - Sand Lake Recreation Area: inserted 2 events
[2026-04-04T12:06:45.564Z]   ✓ Sand Harbor State Park: inserted 2 events
[2026-04-04T12:06:45.962Z]   ✓ Sand Hills Campground: inserted 2 events
[2026-04-04T12:06:46.575Z]   ✓ Sand Hills State Park: inserted 2 events
[2026-04-04T12:06:47.413Z]   ✓ Sandhill Station Campground: inserted 6 events
[2026-04-04T12:06:47.923Z]   ✓ San Diego RV Resort: inserted 3 events
[2026-04-04T12:06:49.318Z]   ✓ Sandy Beach Campground: inserted 10 events
[2026-04-04T12:06:50.070Z]   ✓ SANDY COVE: inserted 3 events
[2026-04-04T12:06:50.978Z]   ✓ San Elijo State Beach Campground: inserted 1 events
[2026-04-04T12:06:51.589Z]   ✓ Sanger Campground: inserted 2 events
[2026-04-04T12:06:52.209Z]   ✓ San Mateo Campground: inserted 1 events
[2026-04-04T12:06:54.780Z]   ✓ San Rafael State Natural Area: inserted 20 events
[2026-04-04T12:06:55.273Z]   ✓ Santee Lakes Campground: inserted 1 events
[2026-04-04T12:06:56.676Z]   ✓ Sawbill Lake Campground - Superior National Forest: inserted 6 events
[2026-04-04T12:06:56.983Z]   ✓ Sawdust Hole River access: inserted 1 events
[2026-04-04T12:06:57.714Z]   ✓ Schodack Island State Park: inserted 3 events
[2026-04-04T12:06:58.131Z]   ✓ Schroeder County Park & Campground: inserted 2 events
[2026-04-04T12:06:58.643Z]   ✓ Scott County Park: inserted 1 events
[2026-04-04T12:06:59.784Z]   ✓ Sea Pirate Campground: inserted 8 events
[2026-04-04T12:07:00.179Z]   ✓ Searsport Shores Ocean Campground: inserted 2 events
[2026-04-04T12:07:01.185Z]   ✓ Sebastian Inlet State Park: inserted 2 events
[2026-04-04T12:07:01.595Z]   ✓ Sebastian Inlet State Park Campground: inserted 2 events
[2026-04-04T12:07:02.526Z]   ✓ Selkirk Shores State Park: inserted 3 events
[2026-04-04T12:07:03.255Z]   ✓ Seneca State Forest: inserted 3 events
[2026-04-04T12:07:05.022Z]   ✓ Seven Tubs Recreation Area - Pinchot Forest District: inserted 5 events
[2026-04-04T12:07:07.633Z]   ✓ Shady Pines: inserted 9 events
[2026-04-04T12:07:08.657Z]   ✓ Shawnee County State Park: inserted 2 events
[2026-04-04T12:07:08.971Z]   ✓ Shawnee National Forest: inserted 1 events
[2026-04-04T12:07:11.132Z]   ✓ Shenandoah River State Park: inserted 11 events
[2026-04-04T12:07:12.531Z]   ✓ Shenandoah River State Park RV Campground: inserted 11 events
[2026-04-04T12:07:13.469Z]   ✓ Sheyenne River State Forest: inserted 1 events
[2026-04-04T12:07:14.599Z]   ✓ Shipshewana RV Park & Service Center: inserted 3 events
[2026-04-04T12:07:15.130Z]   ✓ Shirley Chisholm State Park: inserted 3 events
[2026-04-04T12:07:16.303Z]   ✓ Shoal Creek: inserted 9 events
[2026-04-04T12:07:17.639Z]   ✓ Silver Lake Park: inserted 3 events
[2026-04-04T12:07:18.264Z]   ✓ Silver mines recreational area: inserted 2 events
[2026-04-04T12:07:18.981Z]   ✓ Silver Strand State Beach: inserted 1 events
[2026-04-04T12:07:19.873Z]   ✓ Sisters Creekside Campground: inserted 3 events
[2026-04-04T12:07:20.496Z]   ✓ Six Nations Camping Area: inserted 4 events
[2026-04-04T12:07:21.142Z]   ✓ Skipper's Point Campground: inserted 2 events
[2026-04-04T12:07:21.462Z]   ✓ Skookum Creek Campground: inserted 1 events
[2026-04-04T12:07:22.747Z]   ✓ Sky Meadows Campground: inserted 10 events
[2026-04-04T12:07:24.051Z]   ✓ Sky Meadows State Park: inserted 10 events
[2026-04-04T12:07:25.178Z]   ✓ Sleepybear Campground: inserted 1 events
[2026-04-04T12:07:27.742Z]   ✓ Slide Rock State Park: inserted 20 events
[2026-04-04T12:07:28.384Z]   ✓ Smarsh Creek Campground: inserted 2 events
[2026-04-04T12:07:30.153Z]   ✓ Smith Mountain Lake State Park: inserted 10 events
[2026-04-04T12:07:30.893Z]   ✓ SMITH SPRINGS: inserted 1 events
[2026-04-04T12:07:31.419Z]   ✓ Smoky Mountain Campground: inserted 1 events
[2026-04-04T12:07:32.258Z]   ✓ Snowberry Campground: inserted 4 events
[2026-04-04T12:07:33.184Z]   ✓ Sonoma Coast State Park: inserted 1 events
[2026-04-04T12:07:33.699Z]   ✓ SOUTH BRANCH TRAIL CAMP GROUP SITE: inserted 1 events
[2026-04-04T12:07:34.011Z]   ✓ South Carlsbad State Beach Campground: inserted 1 events
[2026-04-04T12:07:35.841Z]   ✓ SOUTH KAWISHIWI RIVER: inserted 6 events
[2026-04-04T12:07:40.094Z]   ✓ South Toledo Bend State Park: inserted 36 events
[2026-04-04T12:07:41.430Z]   ✓ Spokane Creek Cabins & Campground: inserted 1 events
[2026-04-04T12:07:43.242Z]   ✓ SPRING GULCH: inserted 9 events
[2026-04-04T12:07:44.305Z]   ✓ Stanislaus National Forest: inserted 2 events
[2026-04-04T12:07:44.725Z]   ✓ Stanislaus River Campground: inserted 2 events
[2026-04-04T12:07:45.036Z]   ✓ Stargaze Yurt: inserted 1 events
[2026-04-04T12:07:45.773Z]   ✓ Starved Rock Family Campground: inserted 1 events
[2026-04-04T12:07:48.744Z]   ✓ Staunton River State Park: inserted 10 events
[2026-04-04T12:07:53.097Z]   ✓ St. Bernard State Park: inserted 37 events
[2026-04-04T12:07:54.065Z]   ✓ Steel Creek Campground: inserted 3 events
[2026-04-04T12:07:54.575Z]   ✓ Steel Creek Campground: inserted 3 events
[2026-04-04T12:07:55.715Z]   ✓ Sterling Forest State Park: inserted 3 events
[2026-04-04T12:07:57.052Z]   ✓ St. Ignace Ranger District: inserted 1 events
[2026-04-04T12:07:58.280Z]   ✓ Stockton Park (MO): inserted 4 events
[2026-04-04T12:07:58.895Z]   ✓ Stockton State Park: inserted 4 events
[2026-04-04T12:07:59.574Z]   ✓ Stockton State Park: inserted 4 events
[2026-04-04T12:08:00.114Z]   ✓ Stone Creek Campground: inserted 1 events
[2026-04-04T12:08:01.228Z]   ✓ Stone Mountain Park Campground: inserted 8 events
[2026-04-04T12:08:02.563Z]   ✓ Stony Brook State Park: inserted 3 events
[2026-04-04T12:08:03.118Z]   ✓ Stony Brook State Park Campground: inserted 3 events
[2026-04-04T12:08:04.081Z]   ✓ Storm Creek Lake Campground: inserted 5 events
[2026-04-04T12:08:05.016Z]   ✓ Sue-meg State Park: inserted 1 events
[2026-04-04T12:08:05.946Z]   ✓ SUGAR LOAF: inserted 2 events
[2026-04-04T12:08:06.457Z]   ✓ Sugar Pine Point Campground: inserted 1 events
[2026-04-04T12:08:08.010Z]   ✓ SUMMERSVILLE LAKE SHELTERS: inserted 3 events
[2026-04-04T12:08:08.525Z]   ✓ Summersville Lake State Park: inserted 3 events
[2026-04-04T12:08:09.674Z]   ✓ SUN 'n FUN Campground: inserted 1 events
[2026-04-04T12:08:10.712Z]   ✓ Sun Outdoors Cape Charles: inserted 6 events
[2026-04-04T12:08:11.431Z]   ✓ Sun Outdoors Frontier Town: inserted 3 events
[2026-04-04T12:08:12.578Z]   ✓ Sun Outdoors Lake Rudolph: inserted 9 events
[2026-04-04T12:08:12.990Z]   ✓ Sun Outdoors Ocean City: inserted 2 events
[2026-04-04T12:08:13.610Z]   ✓ Sun Outdoors Ocean City Gateway: inserted 4 events
[2026-04-04T12:08:14.884Z]   ✓ Sun Outdoors Old Orchard Beach Downtown: inserted 10 events
[2026-04-04T12:08:16.030Z]   ✓ Sun Outdoors Rocky Mountains: inserted 9 events
[2026-04-04T12:08:17.176Z]   ✓ Sun Outdoors Saco Old Orchard Beach: inserted 9 events
[2026-04-04T12:08:17.579Z]   ✓ Sun Outdoors Salt Lake City: inserted 2 events
[2026-04-04T12:08:18.733Z]   ✓ Sun Retreats Cape Cod: inserted 9 events
[2026-04-04T12:08:20.626Z]   ✓ Sun Retreats Pleasant Acres Farm: inserted 9 events
[2026-04-04T12:08:22.662Z]   ✓ Superior Made RV Resort: inserted 1 events
[2026-04-04T12:08:23.512Z]   ✓ Superior National Forest: inserted 6 events
[2026-04-04T12:08:24.465Z]   ✓ Swede Point Park: inserted 3 events
[2026-04-04T12:08:25.947Z]   ✓ Sweet Run State Park: inserted 10 events
[2026-04-04T12:08:26.402Z]   ✓ Sweetwater Campground, Ranch & Riding Stables: inserted 2 events
[2026-04-04T12:08:26.717Z]   ✓ Sweetwood Camp: inserted 1 events
[2026-04-04T12:08:28.155Z]   ✓ Sylvania (Clark Lake) Campground: inserted 2 events
[2026-04-04T12:08:28.796Z]   ✓ Sylvan Park Campgrounds: inserted 2 events
[2026-04-04T12:08:29.756Z]   ✓ Taconic State Park - Copake Falls Area: inserted 3 events
[2026-04-04T12:08:30.060Z]   ✓ Tailwater Campground: inserted 1 events
[2026-04-04T12:08:31.054Z]   ✓ Tallman Mountain State Park: inserted 3 events
[2026-04-04T12:08:32.179Z]   ✓ Taughannock Falls State Park: inserted 3 events
[2026-04-04T12:08:32.695Z]   ✓ Taughannock Falls State Park Regional Headquarters: inserted 3 events
[2026-04-04T12:08:33.628Z]   ✓ Tea Creek Campground: inserted 3 events
[2026-04-04T12:08:34.162Z]   ✓ Tea Creek Campground: inserted 3 events
[2026-04-04T12:08:34.994Z]   ✓ TeleLi puLaya (Black Oak) Campground: inserted 2 events
[2026-04-04T12:08:35.308Z]   ✓ Tennessee Glamping: inserted 1 events
[2026-04-04T12:08:35.926Z]   ✓ Tetrault Woods State Forest: inserted 1 events
[2026-04-04T12:08:36.642Z]   ✓ Thacher State Park: inserted 3 events
[2026-04-04T12:08:37.531Z]   ✓ The English Pale Campground and Resort: inserted 2 events
[2026-04-04T12:08:38.467Z]   ✓ The Great Divide Campground, LLC: inserted 1 events
[2026-04-04T12:08:39.898Z]   ✓ The Lakes at St. David RV Resort: inserted 11 events
[2026-04-04T12:08:41.525Z]   ✓ The Lakes RV & Cabin Resort: inserted 13 events
[2026-04-04T12:08:45.460Z]   ✓ The Lazy H Campground: inserted 36 events
[2026-04-04T12:08:46.080Z]   ✓ The Outpost - New River Gorge Campground: inserted 2 events
[2026-04-04T12:08:47.483Z]   ✓ The River's Edge Campground: inserted 5 events
[2026-04-04T12:08:48.815Z]   ✓ The Villages at Turning Stone: inserted 7 events
[2026-04-04T12:08:49.593Z]   ✓ Thompson's Lake Campground: inserted 3 events
[2026-04-04T12:08:49.905Z]   ✓ Thousand Springs State Park: inserted 1 events
[2026-04-04T12:08:50.226Z]   ✓ Thousand Springs State Park - Malad Gorge Unit: inserted 1 events
[2026-04-04T12:08:51.275Z]   ✓ Thousand Trails Chestnut Lake: inserted 5 events
[2026-04-04T12:08:53.472Z]   ✓ Thousand Trails Lake & Shore: inserted 15 events
[2026-04-04T12:08:54.894Z]   ✓ Thousand Trails Rondout Valley: inserted 8 events
[2026-04-04T12:08:56.427Z]   ✓ T.H. Stone Memorial St. Joseph Peninsula State Park: inserted 1 events
[2026-04-04T12:09:00.810Z]   ✓ Tickfaw State Park: inserted 36 events
[2026-04-04T12:09:01.111Z]   ✓ Tiger Run Resort: inserted 1 events
[2026-04-04T12:09:01.511Z]   ✓ Tillamook County Parks: inserted 2 events
[2026-04-04T12:09:04.544Z]   ✓ Tomlinson Run State Park: inserted 3 events
[2026-04-04T12:09:05.087Z]   ✓ Tomlinson Run State Park Campground: inserted 3 events
[2026-04-04T12:09:07.682Z]   ✓ Tonto Natural Bridge State Park: inserted 20 events
[2026-04-04T12:09:08.016Z]   ✓ Topanga State Park: inserted 1 events
[2026-04-04T12:09:09.268Z]   ✓ Tourist Park: inserted 2 events
[2026-04-04T12:09:10.204Z]   ✓ Tower Rock Campground, Shawnee National Forest: inserted 1 events
[2026-04-04T12:09:10.922Z]   ✓ Towner City Park Campground: inserted 1 events
[2026-04-04T12:09:11.948Z]   ✓ Trails End Campground: inserted 6 events
[2026-04-04T12:09:12.798Z]   ✓ TRAILS END CAMPGROUND: inserted 6 events
[2026-04-04T12:09:13.405Z]   ✓ Trask River County Campground: inserted 2 events
[2026-04-04T12:09:17.850Z]   ✓ Travelers Woods NE Inc: inserted 40 events
[2026-04-04T12:09:19.477Z]   ✓ TROUT CREEK GUARD STATION: inserted 1 events
[2026-04-04T12:09:20.416Z]   ✓ Turkey Bayou: inserted 1 events
[2026-04-04T12:09:23.109Z]   ✓ TURKEY POINT: inserted 23 events
[2026-04-04T12:09:24.253Z]   ✓ Turtle Mountain State Forest: inserted 1 events
[2026-04-04T12:09:24.854Z]   ✓ Tuttle Creek State Park: inserted 2 events
[2026-04-04T12:09:25.579Z]   ✓ Twin Falls Resort State Park: inserted 3 events
[2026-04-04T12:09:27.267Z]   ✓ Twin Lakes State Park: inserted 10 events
[2026-04-04T12:09:27.570Z]   ✓ TWIN POINTS: inserted 1 events
[2026-04-04T12:09:28.077Z]   ✓ Twinwood Lake Campground: inserted 1 events
[2026-04-04T12:09:29.126Z]   ✓ Two Island Lake Campground: inserted 6 events
[2026-04-04T12:09:30.086Z]   ✓ Tygart Lake State Park: inserted 3 events
[2026-04-04T12:09:30.593Z]   ✓ Tygart Lake State Park: inserted 3 events
[2026-04-04T12:09:31.118Z]   ✓ Tygart Lake State Park Campground: inserted 3 events
[2026-04-04T12:09:31.926Z]   ✓ Umatilla National Forest: inserted 2 events
[2026-04-04T12:09:33.067Z]   ✓ Unicoi State Park Campground: inserted 9 events
[2026-04-04T12:09:34.343Z]   ✓ Unicoi State Park & Lodge: inserted 10 events
[2026-04-04T12:09:36.002Z]   ✓ Upper Gresham Lake State Forest Campground: inserted 6 events
[2026-04-04T12:09:36.412Z]   ✓ Upriver RV Campground Resort: inserted 1 events
[2026-04-04T12:09:36.728Z]   ✓ USDA Forest Service, Calcasieu Ranger District Office, Kisatchie National Forest: inserted 1 events
[2026-04-04T12:09:37.626Z]   ✓ U.S. Forest Service: inserted 5 events
[2026-04-04T12:09:38.363Z]   ✓ US Forest Service: inserted 5 events
[2026-04-04T12:09:39.089Z]   ✓ US Forest Service Winn Ranger District: inserted 5 events
[2026-04-04T12:09:40.070Z]   ✓ US Highway 2 - Skykomish Area east to Stevens Pass: inserted 5 events
[2026-04-04T12:09:43.062Z]   ✓ Vacationer RV Resort: inserted 23 events
[2026-04-04T12:09:43.580Z]   ✓ Valentine Lake Recreation Complex, Camping and Day Use: inserted 1 events
[2026-04-04T12:09:44.121Z]   ✓ Valley Falls State Park: inserted 3 events
[2026-04-04T12:09:44.430Z]   ✓ Valley of Fire State Park: inserted 1 events
[2026-04-04T12:09:44.967Z]   ✓ Valley Stream State Park: inserted 3 events
[2026-04-04T12:09:45.285Z]   ✓ Van Damme State Park: inserted 1 events
[2026-04-04T12:09:46.202Z]   ✓ Vermont State Parks: inserted 1 events
[2026-04-04T12:09:47.149Z]   ✓ Village Creek State Park: inserted 5 events
[2026-04-04T12:09:47.788Z]   ✓ Volunteer Park Travel Campsite, Goddard Ave: inserted 2 events
[2026-04-04T12:09:48.716Z]   ✓ Wagner Lake (MI): inserted 1 events
[2026-04-04T12:09:49.371Z]   ✓ Wakalu Hep Yo (Wild River) Campground: inserted 2 events
[2026-04-04T12:09:50.000Z]   ✓ Waldron Campground: inserted 4 events
[2026-04-04T12:09:50.407Z]   ✓ Walker River State Recreation Area: inserted 2 events
[2026-04-04T12:09:50.819Z]   ✓ Wallace State Park: inserted 2 events
[2026-04-04T12:09:52.227Z]   ✓ Walnut Creek: inserted 10 events
[2026-04-04T12:09:53.504Z]   ✓ Walnut Creek: inserted 10 events
[2026-04-04T12:09:54.761Z]   ✓ Walnut Creek : inserted 10 events
[2026-04-04T12:09:56.025Z]   ✓ Walnut Creek Campground & Resort: inserted 10 events
[2026-04-04T12:10:00.746Z]   ✓ Walnut Hills Campground & RV Park: inserted 43 events
[2026-04-04T12:10:03.571Z]   ✓ Washington State Park: inserted 10 events
[2026-04-04T12:10:04.219Z]   ✓ Washoe Lake State Park Campground: inserted 4 events
[2026-04-04T12:10:04.773Z]   ✓ Water Park: inserted 1 events
[2026-04-04T12:10:05.425Z]   ✓ Watkins Glen State Park: inserted 4 events
[2026-04-04T12:10:06.215Z]   ✓ Watkins Regional Park: inserted 5 events
[2026-04-04T12:10:07.114Z]   ✓ Watkins Regional Park Campground: inserted 5 events
[2026-04-04T12:10:07.668Z]   ✓ Watoga State Park: inserted 3 events
[2026-04-04T12:10:09.271Z]   ✓ Webster State Park: inserted 3 events
[2026-04-04T12:10:09.727Z]   ✓ Wekiwa Springs State Park: inserted 2 events
[2026-04-04T12:10:10.140Z]   ✓ Wekiwa Springs State Park Campground: inserted 2 events
[2026-04-04T12:10:10.899Z]   ✓ Wellesley Island State Park: inserted 3 events
[2026-04-04T12:10:11.358Z]   ✓ Werner-Boyce Salt Springs State Park: inserted 2 events
[2026-04-04T12:10:17.702Z]   ✓ Western Reserve RV Resort & Campground: inserted 54 events
[2026-04-04T12:10:18.209Z]   ✓ WESTLAKE DAY USE: inserted 1 events
[2026-04-04T12:10:18.522Z]   ✓ West Lake Park: inserted 1 events
[2026-04-04T12:10:19.802Z]   ✓ Westmoreland State Park: inserted 10 events
[2026-04-04T12:10:20.618Z]   ✓ Westside Campground: inserted 4 events
[2026-04-04T12:10:21.670Z]   ✓ West-Two Rivers Campground: inserted 5 events
[2026-04-04T12:10:23.563Z]   ✓ Whalen Island County Park: inserted 2 events
[2026-04-04T12:10:24.281Z]   ✓ Whispering Oaks Retreat and Campground: inserted 1 events
[2026-04-04T12:10:25.995Z]   ✓ White Memorial Family Campground: inserted 1 events
[2026-04-04T12:10:27.166Z]   ✓ White Oak Lake State Park: inserted 5 events
[2026-04-04T12:10:32.302Z]   ✓ WHITETAIL: inserted 40 events
[2026-04-04T12:10:32.854Z]   ✓ WHITETAIL RIDGE: inserted 1 events
[2026-04-04T12:10:33.710Z]   ✓ Whitewater Lake Campground: inserted 6 events
[2026-04-04T12:10:34.544Z]   ✓ Wichita Point Campground: inserted 2 events
[2026-04-04T12:10:35.907Z]   ✓ Wildcat Mountain State Park: inserted 5 events
[2026-04-04T12:10:37.781Z]   ✓ Wild Horse State Recreation Area: inserted 2 events
[2026-04-04T12:10:38.591Z]   ✓ Wildwood Park: inserted 5 events
[2026-04-04T12:10:39.363Z]   ✓ Wildwood State Park: inserted 3 events
[2026-04-04T12:10:42.042Z]   ✓ Willow River State Park Campground: inserted 6 events
[2026-04-04T12:10:42.895Z]   ✓ Wilson State Park: inserted 2 events
[2026-04-04T12:10:43.314Z]   ✓ Wilson State Park: inserted 2 events
[2026-04-04T12:10:43.728Z]   ✓ Wilson State Park Campground: inserted 2 events
[2026-04-04T12:10:44.054Z]   ✓ Winchester Lake State Park: inserted 1 events
[2026-04-04T12:10:46.395Z]   ✓ Wisconsin State Fair RV Park - Open Year-Round!: inserted 10 events
[2026-04-04T12:10:47.593Z]   ✓ Withrow Springs State Park: inserted 5 events
[2026-04-04T12:10:48.352Z]   ✓ Withrow Springs State Park Campground: inserted 5 events
[2026-04-04T12:10:48.673Z]   ✓ WOLF CREEK (UT): inserted 1 events
[2026-04-04T12:10:50.217Z]   ✓ WOODS CABIN: inserted 2 events
[2026-04-04T12:10:50.627Z]   ✓ Woods Edge Campground: inserted 2 events
[2026-04-04T12:10:51.803Z]   ✓ Woolly Hollow State Park: inserted 5 events
[2026-04-04T12:10:55.475Z]   ✓ Worthen Meadow Campground: inserted 28 events
[2026-04-04T12:10:55.783Z]   ✓ Wright's Beach Campground: inserted 1 events
[2026-04-04T12:10:57.054Z]   ✓ Wyalusing State Park: inserted 6 events
[2026-04-04T12:10:59.070Z]   ✓ Yellow Banks Park Playground: inserted 11 events
[2026-04-04T12:11:00.300Z]   ✓ Yellow Trail: inserted 3 events
[2026-04-04T12:11:01.020Z]   ✓ Yreka RV Park: inserted 1 events
[2026-04-04T12:11:01.418Z] 
── Done ──
[2026-04-04T12:11:01.418Z] Parsed: 8794 events from text
[2026-04-04T12:11:01.418Z] Inserted: 6036 new events
[2026-04-04T12:11:01.419Z] Skipped: 2758 duplicates
[2026-04-04T12:11:01.419Z] Campgrounds with new events: 1028
